<html>
<body>
<pre>
<h1>µVision Build Log</h1>
<h2>Tool Versions:</h2>
IDE-Version: µVision V5.43.1.0
Copyright (C) 2025 ARM Ltd and ARM Germany GmbH. All rights reserved.
License Information: negar hosseinali pour 
politecnico di torino
User-based license: Arm Development Studio Gold
Valid until: Dec 23 2026. Cached until: Jan 20 2026
 
Tool Versions:
Toolchain:       Arm Development Studio Gold  Version: 5.43.0.0
Toolchain Path:  C:\Users\negar\AppData\Local\Keil_v5\ARM\ARMCLANG\Bin
C Compiler:      ArmClang.exe V6.24
Assembler:       Armasm.exe V6.24
Linker/Locator:  ArmLink.exe V6.24
Library Manager: ArmAr.exe V6.24
Hex Converter:   FromElf.exe V6.24
CPU DLL:         SARMCM3.DLL V5.43.0.0
Dialog DLL:      DARMP1.DLL V1.28.1.0
Target DLL:      UL2CM3.DLL V1.164.16.0
Dialog DLL:      TARMP1.DLL V1.27.1.0
 
<h2>Project:</h2>
C:\Users\negar\Desktop\fix_extrapoint2\extrapoint2\tetris2\12_sample_GLCD_TP\12_sample_GLCD_TP\sample.uvprojx
Project File Date:  01/13/2026

<h2>Output:</h2>
*** Using Compiler 'V6.24', folder: 'C:\Users\negar\AppData\Local\Keil_v5\ARM\ARMCLANG\Bin'
Rebuild target 'LandTiger_LPC1768 (release)'
assembling startup_LPC17xx.s...
creating preprocessor file for sample.c...
creating preprocessor file for IRQ_timer.c...
creating preprocessor file for system_LPC17xx.c...
compiling IRQ_timer.c...
compiling sample.c...
compiling system_LPC17xx.c...
creating preprocessor file for lib_timer.c...
creating preprocessor file for AsciiLib.c...
creating preprocessor file for GLCD.c...
compiling lib_timer.c...
compiling AsciiLib.c...
creating preprocessor file for HzLib.c...
compiling GLCD.c...
creating preprocessor file for TouchPanel.c...
creating preprocessor file for IRQ_button.c...
compiling TouchPanel.c...
creating preprocessor file for lib_button.c...
compiling IRQ_button.c...
creating preprocessor file for IRQ_RIT.c...
compiling lib_button.c...
compiling HzLib.c...
creating preprocessor file for lib_RIT.c...
compiling IRQ_RIT.c...
creating preprocessor file for lib_joystick.c...
compiling lib_RIT.c...
compiling lib_joystick.c...
creating preprocessor file for funct_joystick.c...
creating preprocessor file for lib_adc.c...
compiling funct_joystick.c...
creating preprocessor file for IRQ_adc.c...
compiling lib_adc.c...
creating preprocessor file for game.c...
compiling IRQ_adc.c...
creating preprocessor file for music.c...
compiling game.c...
compiling music.c...
linking...
Program Size: Code=33588 RO-data=2668 RW-data=500 ZI-data=2124  
".\Objects\sample_GLCD_TP.axf" - 0 Error(s), 0 Warning(s).

<h2>Software Packages used:</h2>

Package Vendor: Keil
                http://www.keil.com/pack/Keil.LPC1700_DFP.2.7.1.pack
                Keil::LPC1700_DFP@2.7.1
                NXP LPC1700 Series Device Support, Drivers and Examples for MCB1700 and LPC1788-32

<h2>Collection of Component include folders:</h2>
  C:/Users/negar/AppData/Local/Arm/Packs/Keil/LPC1700_DFP/2.7.1/Device/Include

<h2>Collection of Component Files used:</h2>
Build Time Elapsed:  00:00:04
</pre>
</body>
</html>
