Component: Arm Compiler for Embedded 6.24 Tool: armlink [5f371500]

==============================================================================

Section Cross References

    startup_lpc17xx.o(STACK) refers (Special) to heapauxi.o(.text) for __use_two_region_memory
    startup_lpc17xx.o(HEAP) refers (Special) to heapauxi.o(.text) for __use_two_region_memory
    startup_lpc17xx.o(RESET) refers (Special) to heapauxi.o(.text) for __use_two_region_memory
    startup_lpc17xx.o(RESET) refers to startup_lpc17xx.o(STACK) for __initial_sp
    startup_lpc17xx.o(RESET) refers to startup_lpc17xx.o(.text) for Reset_Handler
    startup_lpc17xx.o(RESET) refers to irq_timer.o(.text) for TIMER0_IRQHandler
    startup_lpc17xx.o(RESET) refers to irq_button.o(.text) for EINT0_IRQHandler
    startup_lpc17xx.o(RESET) refers to irq_adc.o(.text) for ADC_IRQHandler
    startup_lpc17xx.o(RESET) refers to irq_rit.o(.text) for RIT_IRQHandler
    startup_lpc17xx.o(.ARM.__at_0x02FC) refers (Special) to heapauxi.o(.text) for __use_two_region_memory
    startup_lpc17xx.o(.text) refers (Special) to heapauxi.o(.text) for __use_two_region_memory
    startup_lpc17xx.o(.text) refers to __main.o(!!!main) for __main
    startup_lpc17xx.o(.text) refers to startup_lpc17xx.o(HEAP) for Heap_Mem
    startup_lpc17xx.o(.text) refers to startup_lpc17xx.o(STACK) for Stack_Mem
    sample.o(.text) refers (Special) to _printf_percent.o(.ARM.Collect$$_printf_percent$$00000000) for _printf_percent
    sample.o(.text) refers (Special) to _printf_d.o(.ARM.Collect$$_printf_percent$$00000009) for _printf_d
    sample.o(.text) refers (Special) to _printf_dec.o(.text) for _printf_int_dec
    sample.o(.text) refers to system_lpc17xx.o(.text) for SystemInit
    sample.o(.text) refers to glcd.o(.text) for LCD_Initialization
    sample.o(.text) refers to lib_button.o(.text) for BUTTON_init
    sample.o(.text) refers to lib_joystick.o(.text) for joystick_init
    sample.o(.text) refers to lib_rit.o(.text) for init_RIT
    sample.o(.text) refers to lib_adc.o(.text) for ADC_init
    sample.o(.text) refers to music.o(.text) for init_audio
    sample.o(.text) refers to sample.o(.bss.new_shape) for new_shape
    sample.o(.text) refers to sample.o(.bss.update_score) for update_score
    sample.o(.text) refers to sample.o(.bss.Score) for Score
    sample.o(.text) refers to sample.o(.rodata.str1.1) for .L.str.2
    sample.o(.text) refers to sample.o(.bss.clearedline) for clearedline
    sample.o(.text) refers to __2sprintf.o(.text) for __2sprintf
    sample.o(.ARM.exidx) refers (Special) to _printf_percent.o(.ARM.Collect$$_printf_percent$$00000000) for _printf_percent
    sample.o(.ARM.exidx) refers (Special) to _printf_d.o(.ARM.Collect$$_printf_percent$$00000009) for _printf_d
    sample.o(.ARM.exidx) refers (Special) to _printf_dec.o(.text) for _printf_int_dec
    sample.o(.ARM.exidx) refers to sample.o(.text) for [Anonymous Symbol]
    sample.o(.bss.Score) refers (Special) to _printf_percent.o(.ARM.Collect$$_printf_percent$$00000000) for _printf_percent
    sample.o(.bss.Score) refers (Special) to _printf_d.o(.ARM.Collect$$_printf_percent$$00000009) for _printf_d
    sample.o(.bss.Score) refers (Special) to _printf_dec.o(.text) for _printf_int_dec
    sample.o(.bss.highest_Score) refers (Special) to _printf_percent.o(.ARM.Collect$$_printf_percent$$00000000) for _printf_percent
    sample.o(.bss.highest_Score) refers (Special) to _printf_d.o(.ARM.Collect$$_printf_percent$$00000009) for _printf_d
    sample.o(.bss.highest_Score) refers (Special) to _printf_dec.o(.text) for _printf_int_dec
    sample.o(.bss.clearedline) refers (Special) to _printf_percent.o(.ARM.Collect$$_printf_percent$$00000000) for _printf_percent
    sample.o(.bss.clearedline) refers (Special) to _printf_d.o(.ARM.Collect$$_printf_percent$$00000009) for _printf_d
    sample.o(.bss.clearedline) refers (Special) to _printf_dec.o(.text) for _printf_int_dec
    sample.o(.bss.isPaused) refers (Special) to _printf_percent.o(.ARM.Collect$$_printf_percent$$00000000) for _printf_percent
    sample.o(.bss.isPaused) refers (Special) to _printf_d.o(.ARM.Collect$$_printf_percent$$00000009) for _printf_d
    sample.o(.bss.isPaused) refers (Special) to _printf_dec.o(.text) for _printf_int_dec
    sample.o(.bss.gamestarted) refers (Special) to _printf_percent.o(.ARM.Collect$$_printf_percent$$00000000) for _printf_percent
    sample.o(.bss.gamestarted) refers (Special) to _printf_d.o(.ARM.Collect$$_printf_percent$$00000009) for _printf_d
    sample.o(.bss.gamestarted) refers (Special) to _printf_dec.o(.text) for _printf_int_dec
    sample.o(.data.current_x) refers (Special) to _printf_percent.o(.ARM.Collect$$_printf_percent$$00000000) for _printf_percent
    sample.o(.data.current_x) refers (Special) to _printf_d.o(.ARM.Collect$$_printf_percent$$00000009) for _printf_d
    sample.o(.data.current_x) refers (Special) to _printf_dec.o(.text) for _printf_int_dec
[...]
    !!!scatter                               0x000000d4   Section       92  __scatter.o(!!!scatter)
    !!dczerorl2                              0x00000130   Section       90  __dczerorl2.o(!!dczerorl2)
    !!handler_copy                           0x0000018c   Section       26  __scatter_copy.o(!!handler_copy)
    !!handler_null                           0x000001a8   Section        2  __scatter.o(!!handler_null)
    !!handler_zi                             0x000001ac   Section       28  __scatter_zi.o(!!handler_zi)
    .ARM.Collect$$_printf_percent$$00000000  0x000001c8   Section        0  _printf_percent.o(.ARM.Collect$$_printf_percent$$00000000)
    .ARM.Collect$$_printf_percent$$00000001  0x000001c8   Section        6  _printf_n.o(.ARM.Collect$$_printf_percent$$00000001)
    .ARM.Collect$$_printf_percent$$00000002  0x000001ce   Section        6  _printf_p.o(.ARM.Collect$$_printf_percent$$00000002)
    .ARM.Collect$$_printf_percent$$00000003  0x000001d4   Section        6  _printf_f.o(.ARM.Collect$$_printf_percent$$00000003)
    .ARM.Collect$$_printf_percent$$00000004  0x000001da   Section        6  _printf_e.o(.ARM.Collect$$_printf_percent$$00000004)
    .ARM.Collect$$_printf_percent$$00000005  0x000001e0   Section        6  _printf_g.o(.ARM.Collect$$_printf_percent$$00000005)
    .ARM.Collect$$_printf_percent$$00000006  0x000001e6   Section        6  _printf_a.o(.ARM.Collect$$_printf_percent$$00000006)
    .ARM.Collect$$_printf_percent$$00000007  0x000001ec   Section       10  _printf_ll.o(.ARM.Collect$$_printf_percent$$00000007)
    .ARM.Collect$$_printf_percent$$00000008  0x000001f6   Section        6  _printf_i.o(.ARM.Collect$$_printf_percent$$00000008)
    .ARM.Collect$$_printf_percent$$00000009  0x000001fc   Section        6  _printf_d.o(.ARM.Collect$$_printf_percent$$00000009)
    .ARM.Collect$$_printf_percent$$0000000A  0x00000202   Section        6  _printf_u.o(.ARM.Collect$$_printf_percent$$0000000A)
    .ARM.Collect$$_printf_percent$$0000000B  0x00000208   Section        6  _printf_o.o(.ARM.Collect$$_printf_percent$$0000000B)
    .ARM.Collect$$_printf_percent$$0000000C  0x0000020e   Section        6  _printf_x.o(.ARM.Collect$$_printf_percent$$0000000C)
    .ARM.Collect$$_printf_percent$$0000000D  0x00000214   Section        6  _printf_lli.o(.ARM.Collect$$_printf_percent$$0000000D)
    .ARM.Collect$$_printf_percent$$0000000E  0x0000021a   Section        6  _printf_lld.o(.ARM.Collect$$_printf_percent$$0000000E)
    .ARM.Collect$$_printf_percent$$0000000F  0x00000220   Section        6  _printf_llu.o(.ARM.Collect$$_printf_percent$$0000000F)
    .ARM.Collect$$_printf_percent$$00000010  0x00000226   Section        6  _printf_llo.o(.ARM.Collect$$_printf_percent$$00000010)
    .ARM.Collect$$_printf_percent$$00000011  0x0000022c   Section        6  _printf_llx.o(.ARM.Collect$$_printf_percent$$00000011)
    .ARM.Collect$$_printf_percent$$00000012  0x00000232   Section       10  _printf_l.o(.ARM.Collect$$_printf_percent$$00000012)
    .ARM.Collect$$_printf_percent$$00000013  0x0000023c   Section        6  _printf_c.o(.ARM.Collect$$_printf_percent$$00000013)
    .ARM.Collect$$_printf_percent$$00000014  0x00000242   Section        6  _printf_s.o(.ARM.Collect$$_printf_percent$$00000014)
    .ARM.Collect$$_printf_percent$$00000015  0x00000248   Section        6  _printf_lc.o(.ARM.Collect$$_printf_percent$$00000015)
    .ARM.Collect$$_printf_percent$$00000016  0x0000024e   Section        6  _printf_ls.o(.ARM.Collect$$_printf_percent$$00000016)
    .ARM.Collect$$_printf_percent$$00000017  0x00000254   Section        4  _printf_percent_end.o(.ARM.Collect$$_printf_percent$$00000017)
    .ARM.Collect$$libinit$$00000000          0x00000258   Section        2  libinit.o(.ARM.Collect$$libinit$$00000000)
    .ARM.Collect$$libinit$$00000002          0x0000025a   Section        0  libinit2.o(.ARM.Collect$$libinit$$00000002)
    .ARM.Collect$$libinit$$00000004          0x0000025a   Section        0  libinit2.o(.ARM.Collect$$libinit$$00000004)
    .ARM.Collect$$libinit$$00000006          0x0000025a   Section        0  libinit2.o(.ARM.Collect$$libinit$$00000006)
    .ARM.Collect$$libinit$$0000000C          0x0000025a   Section        0  libinit2.o(.ARM.Collect$$libinit$$0000000C)
    .ARM.Collect$$libinit$$0000000E          0x0000025a   Section        0  libinit2.o(.ARM.Collect$$libinit$$0000000E)
    .ARM.Collect$$libinit$$0000000F          0x0000025a   Section        4  libinit2.o(.ARM.Collect$$libinit$$0000000F)
    .ARM.Collect$$libinit$$00000010          0x0000025e   Section        0  libinit2.o(.ARM.Collect$$libinit$$00000010)
    .ARM.Collect$$libinit$$00000011          0x0000025e   Section        6  libinit2.o(.ARM.Collect$$libinit$$00000011)
    .ARM.Collect$$libinit$$00000013          0x00000264   Section        0  libinit2.o(.ARM.Collect$$libinit$$00000013)
    .ARM.Collect$$libinit$$00000014          0x00000264   Section       12  libinit2.o(.ARM.Collect$$libinit$$00000014)
    .ARM.Collect$$libinit$$00000015          0x00000270   Section        0  libinit2.o(.ARM.Collect$$libinit$$00000015)
    .ARM.Collect$$libinit$$00000017          0x00000270   Section        0  libinit2.o(.ARM.Collect$$libinit$$00000017)
    .ARM.Collect$$libinit$$00000018          0x00000270   Section       10  libinit2.o(.ARM.Collect$$libinit$$00000018)
    .ARM.Collect$$libinit$$00000019          0x0000027a   Section        0  libinit2.o(.ARM.Collect$$libinit$$00000019)
    .ARM.Collect$$libinit$$0000001B          0x0000027a   Section        0  libinit2.o(.ARM.Collect$$libinit$$0000001B)
    .ARM.Collect$$libinit$$0000001D          0x0000027a   Section        0  libinit2.o(.ARM.Collect$$libinit$$0000001D)
    .ARM.Collect$$libinit$$0000001F          0x0000027a   Section        0  libinit2.o(.ARM.Collect$$libinit$$0000001F)
    .ARM.Collect$$libinit$$00000021          0x0000027a   Section        0  libinit2.o(.ARM.Collect$$libinit$$00000021)
    .ARM.Collect$$libinit$$00000023          0x0000027a   Section        0  libinit2.o(.ARM.Collect$$libinit$$00000023)
    .ARM.Collect$$libinit$$00000025          0x0000027a   Section        0  libinit2.o(.ARM.Collect$$libinit$$00000025)
    .ARM.Collect$$libinit$$00000027          0x0000027a   Section        0  libinit2.o(.ARM.Collect$$libinit$$00000027)
    .ARM.Collect$$libinit$$0000002E          0x0000027a   Section        0  libinit2.o(.ARM.Collect$$libinit$$0000002E)
    .ARM.Collect$$libinit$$00000030          0x0000027a   Section        0  libinit2.o(.ARM.Collect$$libinit$$00000030)
    .ARM.Collect$$libinit$$00000032          0x0000027a   Section        0  libinit2.o(.ARM.Collect$$libinit$$00000032)
    .ARM.Collect$$libinit$$00000034          0x0000027a   Section        0  libinit2.o(.ARM.Collect$$libinit$$00000034)
    .ARM.Collect$$libinit$$00000035          0x0000027a   Section        2  libinit2.o(.ARM.Collect$$libinit$$00000035)
    .ARM.Collect$$libshutdown$$00000000      0x0000027c   Section        2  libshutdown.o(.ARM.Collect$$libshutdown$$00000000)
    .ARM.Collect$$libshutdown$$00000002      0x0000027e   Section        0  libshutdown2.o(.ARM.Collect$$libshutdown$$00000002)
    .ARM.Collect$$libshutdown$$00000004      0x0000027e   Section        0  libshutdown2.o(.ARM.Collect$$libshutdown$$00000004)
    .ARM.Collect$$libshutdown$$00000007      0x0000027e   Section        0  libshutdown2.o(.ARM.Collect$$libshutdown$$00000007)
    .ARM.Collect$$libshutdown$$0000000A      0x0000027e   Section        0  libshutdown2.o(.ARM.Collect$$libshutdown$$0000000A)
    .ARM.Collect$$libshutdown$$0000000C      0x0000027e   Section        0  libshutdown2.o(.ARM.Collect$$libshutdown$$0000000C)
    .ARM.Collect$$libshutdown$$0000000F      0x0000027e   Section        0  libshutdown2.o(.ARM.Collect$$libshutdown$$0000000F)
    .ARM.Collect$$libshutdown$$00000010      0x0000027e   Section        2  libshutdown2.o(.ARM.Collect$$libshutdown$$00000010)
    .ARM.Collect$$rtentry$$00000000          0x00000280   Section        0  __rtentry.o(.ARM.Collect$$rtentry$$00000000)
    .ARM.Collect$$rtentry$$00000002          0x00000280   Section        0  __rtentry2.o(.ARM.Collect$$rtentry$$00000002)
    .ARM.Collect$$rtentry$$00000004          0x00000280   Section        6  __rtentry4.o(.ARM.Collect$$rtentry$$00000004)
    .ARM.Collect$$rtentry$$00000009          0x00000286   Section        0  __rtentry2.o(.ARM.Collect$$rtentry$$00000009)
    .ARM.Collect$$rtentry$$0000000A          0x00000286   Section        4  __rtentry2.o(.ARM.Collect$$rtentry$$0000000A)
    .ARM.Collect$$rtentry$$0000000C          0x0000028a   Section        0  __rtentry2.o(.ARM.Collect$$rtentry$$0000000C)
    .ARM.Collect$$rtentry$$0000000D          0x0000028a   Section        8  __rtentry2.o(.ARM.Collect$$rtentry$$0000000D)
    .ARM.Collect$$rtexit$$00000000           0x00000292   Section        2  rtexit.o(.ARM.Collect$$rtexit$$00000000)
    .ARM.Collect$$rtexit$$00000002           0x00000294   Section        0  rtexit2.o(.ARM.Collect$$rtexit$$00000002)
    .ARM.Collect$$rtexit$$00000003           0x00000294   Section        4  rtexit2.o(.ARM.Collect$$rtexit$$00000003)
    .ARM.Collect$$rtexit$$00000004           0x00000298   Section        6  rtexit2.o(.ARM.Collect$$rtexit$$00000004)
    .emb_text                                0x000002a0   Section       52  rand.o(.emb_text)
    .text                                    0x000002d4   Section        0  heapauxi.o(.text)
    .text                                    0x000002da   Section        0  _sputc.o(.text)
    .text                                    0x000002e4   Section       16  rt_ctype_table.o(.text)
    .text                                    0x000002f4   Section        8  rt_locale_intlibspace.o(.text)
    .ARM.__at_0x02FC                         0x000002fc   Section        4  startup_lpc17xx.o(.ARM.__at_0x02FC)
    .text                                    0x00000300   Section       52  startup_lpc17xx.o(.text)
    [Anonymous Symbol]                       0x00000334   Section        0  sample.o(.text)
    [Anonymous Symbol]                       0x00000448   Section        0  system_lpc17xx.o(.text)
    [Anonymous Symbol]                       0x00000578   Section        0  irq_timer.o(.text)
    [Anonymous Symbol]                       0x000005d4   Section        0  lib_timer.o(.text)
    [Anonymous Symbol]                       0x00000680   Section        0  asciilib.o(.text)
    [Anonymous Symbol]                       0x000006ac   Section        0  glcd.o(.text)
    LCD_Configuration                        0x000035b9   Thumb Code    32  glcd.o(.text)
    delay_ms                                 0x000035d9   Thumb Code    82  glcd.o(.text)
    LCD_SetCursor                            0x00003e19   Thumb Code  1932  glcd.o(.text)
    LCD_BGR2RGB                              0x00004ad1   Thumb Code    72  glcd.o(.text)
    wait_delay                               0x00005cc1   Thumb Code    22  glcd.o(.text)
    [Anonymous Symbol]                       0x00005cd8   Section        0  irq_button.o(.text)
    [Anonymous Symbol]                       0x00005e0c   Section        0  lib_button.o(.text)
    [Anonymous Symbol]                       0x00005e84   Section        0  irq_rit.o(.text)
    [Anonymous Symbol]                       0x00006030   Section        0  lib_rit.o(.text)
    [Anonymous Symbol]                       0x000060b0   Section        0  lib_joystick.o(.text)
    [Anonymous Symbol]                       0x000061ac   Section        0  funct_joystick.o(.text)
    [Anonymous Symbol]                       0x00006480   Section        0  lib_adc.o(.text)
    [Anonymous Symbol]                       0x000064dc   Section        0  irq_adc.o(.text)
    [Anonymous Symbol]                       0x00006510   Section        0  game.o(.text)
    [Anonymous Symbol]                       0x00006828   Section        0  music.o(.text)
    .text                                    0x00006918   Section        0  sprintf.o(.text)
    .text                                    0x00006944   Section        0  __2sprintf.o(.text)
    .text                                    0x00006970   Section        0  _printf_dec.o(.text)
    .text                                    0x000069e8   Section        0  __printf_flags_ss_wp.o(.text)
    .text                                    0x00006b70   Section        0  rand.o(.text)
    .text                                    0x00006bac   Section      138  rt_memcpy_v6.o(.text)
    .text                                    0x00006c36   Section       68  rt_memclr.o(.text)
    .text                                    0x00006c7a   Section       78  rt_memclr_w.o(.text)
    .text                                    0x00006cc8   Section        0  _printf_pad.o(.text)
    .text                                    0x00006d16   Section        0  _printf_truncate.o(.text)
    .text                                    0x00006d3a   Section        0  _printf_str.o(.text)
    .text                                    0x00006d8c   Section        0  _printf_intcommon.o(.text)
    .text                                    0x00006e3e   Section        0  _printf_charcount.o(.text)
    _printf_input_char                       0x00006e69   Thumb Code    10  _printf_char_common.o(.text)
    .text                                    0x00006e68   Section        0  _printf_char_common.o(.text)
    .text                                    0x00006e98   Section        0  _printf_wctomb.o(.text)
    .text                                    0x00006f54   Section        0  _printf_longlong_dec.o(.text)
    _printf_longlong_oct_internal            0x00006fd1   Thumb Code     0  _printf_oct_int_ll.o(.text)
    .text                                    0x00006fd0   Section        0  _printf_oct_int_ll.o(.text)
    _printf_hex_common                       0x00007041   Thumb Code     0  _printf_hex_int_ll_ptr.o(.text)
    .text                                    0x00007040   Section        0  _printf_hex_int_ll_ptr.o(.text)
    .text                                    0x000070d4   Section      100  rt_memcpy_w.o(.text)
    .text                                    0x00007138   Section      138  lludiv10.o(.text)
    _fp_digits                               0x000071c3   Thumb Code   432  _printf_fp_dec.o(.text)
    .text                                    0x000071c2   Section        0  _printf_fp_dec.o(.text)
    .text                                    0x000075e0   Section        0  _printf_fp_hex.o(.text)
    .text                                    0x000078dc   Section        0  _printf_char.o(.text)
    .text                                    0x00007908   Section        0  _printf_wchar.o(.text)
    .text                                    0x00007934   Section        0  _c16rtomb.o(.text)
    .text                                    0x0000797c   Section       74  sys_stackheap_outer.o(.text)
    .text                                    0x000079c8   Section        0  _printf_fp_infnan.o(.text)
    .text                                    0x00007a48   Section        0  bigflt0.o(.text)
    .text                                    0x00007b2c   Section        0  exit.o(.text)
    .text                                    0x00007b40   Section        8  libspace.o(.text)
    .text                                    0x00007b48   Section      128  strcmpv7m.o(.text)
    .text                                    0x00007bc8   Section        2  use_no_semi.o(.text)
    .text                                    0x00007bca   Section        0  indicate_semi.o(.text)
    .text                                    0x00007bcc   Section        0  sys_exit.o(.text)
    CL$$btod_d2e                             0x00007bd8   Section       62  btod.o(CL$$btod_d2e)
    CL$$btod_d2e_denorm_low                  0x00007c16   Section       70  btod.o(CL$$btod_d2e_denorm_low)
    CL$$btod_d2e_norm_op1                    0x00007c5c   Section       96  btod.o(CL$$btod_d2e_norm_op1)
    CL$$btod_div_common                      0x00007cbc   Section      824  btod.o(CL$$btod_div_common)
    CL$$btod_e2e                             0x00007ff4   Section      220  btod.o(CL$$btod_e2e)
    CL$$btod_ediv                            0x000080d0   Section       42  btod.o(CL$$btod_ediv)
    CL$$btod_emul                            0x000080fa   Section       42  btod.o(CL$$btod_emul)
    CL$$btod_mult_common                     0x00008124   Section      580  btod.o(CL$$btod_mult_common)
    i.__ARM_fpclassify                       0x00008368   Section        0  fpclassify.o(i.__ARM_fpclassify)
    i._is_digit                              0x00008390   Section        0  __printf_wp.o(i._is_digit)
    locale$$code                             0x000083a0   Section       44  lc_numeric_c.o(locale$$code)
    locale$$code                             0x000083cc   Section       44  lc_ctype_c.o(locale$$code)
    x$fpl$printf1                            0x000083f8   Section        4  printf1.o(x$fpl$printf1)
    x$fpl$printf2                            0x000083fc   Section        4  printf2.o(x$fpl$printf2)
    maptable                                 0x00008400   Data          17  __printf_flags_ss_wp.o(.constdata)
    .constdata                               0x00008400   Section       17  __printf_flags_ss_wp.o(.constdata)
    x$fpl$usenofp                            0x00008400   Section        0  usenofp.o(x$fpl$usenofp)
    initial_mbstate                          0x00008414   Data           8  _printf_wctomb.o(.constdata)
    .constdata                               0x00008414   Section        8  _printf_wctomb.o(.constdata)
    uc_hextab                                0x0000841c   Data          20  _printf_hex_int_ll_ptr.o(.constdata)
    .constdata                               0x0000841c   Section       40  _printf_hex_int_ll_ptr.o(.constdata)
    lc_hextab                                0x00008430   Data          20  _printf_hex_int_ll_ptr.o(.constdata)
    lc_hextab                                0x00008444   Data          19  _printf_fp_hex.o(.constdata)
    .constdata                               0x00008444   Section       38  _printf_fp_hex.o(.constdata)
    uc_hextab                                0x00008457   Data          19  _printf_fp_hex.o(.constdata)
    tenpwrs_x                                0x0000846c   Data          60  bigflt0.o(.constdata)
    .constdata                               0x0000846c   Section      148  bigflt0.o(.constdata)
    tenpwrs_i                                0x000084a8   Data          64  bigflt0.o(.constdata)
    AsciiLib                                 0x00008500   Data        1520  asciilib.o(.rodata.AsciiLib)
    [Anonymous Symbol]                       0x00008500   Section        0  asciilib.o(.rodata.AsciiLib)
    .L.str.1                                 0x00008af0   Data           3  sample.o(.rodata.str1.1)
    .L.str.2                                 0x00008af0   Data           3  sample.o(.rodata.str1.1)
    [Anonymous Symbol]                       0x00008af0   Section        0  sample.o(.rodata.str1.1)
    .L.str                                   0x00008af3   Data          17  glcd.o(.rodata.str1.1)
    [Anonymous Symbol]                       0x00008af3   Section        0  glcd.o(.rodata.str1.1)
    .L.str.5                                 0x00008b04   Data           3  glcd.o(.rodata.str1.1)
    .L.str.4                                 0x00008b07   Data          14  glcd.o(.rodata.str1.1)
    .L.str.6                                 0x00008b15   Data           8  glcd.o(.rodata.str1.1)
    .L.str.3                                 0x00008b1d   Data          16  glcd.o(.rodata.str1.1)
    .L.str.2                                 0x00008b2d   Data          11  glcd.o(.rodata.str1.1)
    .L.str.7                                 0x00008b38   Data          14  glcd.o(.rodata.str1.1)
    locale$$data                             0x00008c74   Section       28  lc_numeric_c.o(locale$$data)
    __lcnum_c_name                           0x00008c78   Data           2  lc_numeric_c.o(locale$$data)
    __lcnum_c_start                          0x00008c80   Data           0  lc_numeric_c.o(locale$$data)
    __lcnum_c_point                          0x00008c8c   Data           0  lc_numeric_c.o(locale$$data)
    __lcnum_c_thousands                      0x00008c8e   Data           0  lc_numeric_c.o(locale$$data)
    __lcnum_c_grouping                       0x00008c8f   Data           0  lc_numeric_c.o(locale$$data)
    __lcnum_c_end                            0x00008c90   Data           0  lc_numeric_c.o(locale$$data)
    locale$$data                             0x00008c90   Section      272  lc_ctype_c.o(locale$$data)
    __lcctype_c_name                         0x00008c94   Data           2  lc_ctype_c.o(locale$$data)
    __lcctype_c_start                        0x00008c9c   Data           0  lc_ctype_c.o(locale$$data)
    __lcctype_c_end                          0x00008da0   Data           0  lc_ctype_c.o(locale$$data)
    .bss                                     0x10000070   Section       96  libspace.o(.bss)
    RIT_IRQHandler.ticks                     0x100000d4   Data           4  irq_rit.o(.bss.RIT_IRQHandler.ticks)
    [Anonymous Symbol]                       0x100000d4   Section        0  irq_rit.o(.bss.RIT_IRQHandler.ticks)
    down_counter                             0x100000e4   Data           4  irq_rit.o(.bss.down_counter)
    [Anonymous Symbol]                       0x100000e4   Section        0  irq_rit.o(.bss.down_counter)
    right_counter                            0x100000f8   Data           4  irq_rit.o(.bss.right_counter)
    [Anonymous Symbol]                       0x100000f8   Section        0  irq_rit.o(.bss.right_counter)
    Stack_Mem                                0x10000128   Data        1024  startup_lpc17xx.o(STACK)
    STACK                                    0x10000128   Section     1024  startup_lpc17xx.o(STACK)
    __initial_sp                             0x10000528   Data           0  startup_lpc17xx.o(STACK)
    .bss                                     0x2007c188   Section      228  rand.o(.bss)
    LCD_Code                                 0x2007c26c   Data           1  glcd.o(.bss.LCD_Code)
    [Anonymous Symbol]                       0x2007c26c   Section        0  glcd.o(.bss.LCD_Code)
    RIT_IRQHandler.currentNote               0x2007c270   Data           4  irq_rit.o(.bss.RIT_IRQHandler.currentNote)
    [Anonymous Symbol]                       0x2007c270   Section        0  irq_rit.o(.bss.RIT_IRQHandler.currentNote)
    TIMER0_IRQHandler.sineticks              0x2007c274   Data           4  irq_timer.o(.bss.TIMER0_IRQHandler.sineticks)
    [Anonymous Symbol]                       0x2007c274   Section        0  irq_timer.o(.bss.TIMER0_IRQHandler.sineticks)
    left_counter                             0x2007c2a8   Data           4  irq_rit.o(.bss.left_counter)
    [Anonymous Symbol]                       0x2007c2a8   Section        0  irq_rit.o(.bss.left_counter)
    slowdown_ticks                           0x2007c514   Data           4  irq_rit.o(.bss.slowdown_ticks)
    [Anonymous Symbol]                       0x2007c514   Section        0  irq_rit.o(.bss.slowdown_ticks)
    Heap_Mem                                 0x2007c518   Data           0  startup_lpc17xx.o(HEAP)
    HEAP                                     0x2007c518   Section        0  startup_lpc17xx.o(HEAP)

    Global Symbols

    Symbol Name                              Value     Ov Type        Size  Object(Section)

    BuildAttributes$$THM_ISAv4$P$D$K$B$S$PE$A:L22UL41UL21$X:L11$S22US41US21$IEEE1$IW$~IW$USESV6$~STKCKD$USESV7$~SHL$OTIME$ROPI$IEEEJ$EBA8$UX$STANDARDLIB$REQ8$PRES8$EABIv2 0x00000000   Number         0  anon$$obj.o ABSOLUTE
    __Vectors                                0x00000000   Data           4  startup_lpc17xx.o(RESET)
    __fp_init_empty                          0x00000000   Number         0  fpinit_empty.o ABSOLUTE
    _printf_flags                            0x00000000   Number         0  printf_stubs.o ABSOLUTE
    _printf_return_value                     0x00000000   Number         0  printf_stubs.o ABSOLUTE
    _printf_sizespec                         0x00000000   Number         0  printf_stubs.o ABSOLUTE
    _printf_widthprec                        0x00000000   Number         0  printf_stubs.o ABSOLUTE
    __ARM_exceptions_init                     - Undefined Weak Reference
    __alloca_initialize                       - Undefined Weak Reference
    __arm_preinit_                            - Undefined Weak Reference
    __arm_relocate_pie_                       - Undefined Weak Reference
    __cpp_initialize__aeabi_                  - Undefined Weak Reference
    __cxa_finalize                            - Undefined Weak Reference
    __sigvec_lookup                           - Undefined Weak Reference
    _atexit_init                              - Undefined Weak Reference
    _call_atexit_fns                          - Undefined Weak Reference
    _clock_init                               - Undefined Weak Reference
    _fp_trap_init                             - Undefined Weak Reference
    _fp_trap_shutdown                         - Undefined Weak Reference
    _get_lc_collate                           - Undefined Weak Reference
    _get_lc_monetary                          - Undefined Weak Reference
    _get_lc_time                              - Undefined Weak Reference
    _getenv_init                              - Undefined Weak Reference
    _handle_redirection                       - Undefined Weak Reference
    _init_alloc                               - Undefined Weak Reference
    _init_user_alloc                          - Undefined Weak Reference
    _initio                                   - Undefined Weak Reference
    _printf_mbtowc                            - Undefined Weak Reference
    _printf_wc                                - Undefined Weak Reference
    _signal_finish                            - Undefined Weak Reference
    _signal_init                              - Undefined Weak Reference
    _terminate_alloc                          - Undefined Weak Reference
    _terminate_user_alloc                     - Undefined Weak Reference
    _terminateio                              - Undefined Weak Reference
    __main                                   0x000000cd   Thumb Code     8  __main.o(!!!main)
    __scatterload                            0x000000d5   Thumb Code     0  __scatter.o(!!!scatter)
    __scatterload_rt2                        0x000000d5   Thumb Code    84  __scatter.o(!!!scatter)
    __scatterload_rt2_thumb_only             0x000000d5   Thumb Code     0  __scatter.o(!!!scatter)
    __scatterload_loop                       0x000000df   Thumb Code     0  __scatter.o(!!!scatter)
    __decompress                             0x00000131   Thumb Code    90  __dczerorl2.o(!!dczerorl2)
    __decompress1                            0x00000131   Thumb Code     0  __dczerorl2.o(!!dczerorl2)
    __scatterload_copy                       0x0000018d   Thumb Code    26  __scatter_copy.o(!!handler_copy)
    __scatterload_null                       0x000001a9   Thumb Code     2  __scatter.o(!!handler_null)
    __scatterload_zeroinit                   0x000001ad   Thumb Code    28  __scatter_zi.o(!!handler_zi)
    _printf_n                                0x000001c9   Thumb Code     0  _printf_n.o(.ARM.Collect$$_printf_percent$$00000001)
    _printf_percent                          0x000001c9   Thumb Code     0  _printf_percent.o(.ARM.Collect$$_printf_percent$$00000000)
    _printf_p                                0x000001cf   Thumb Code     0  _printf_p.o(.ARM.Collect$$_printf_percent$$00000002)
    _printf_f                                0x000001d5   Thumb Code     0  _printf_f.o(.ARM.Collect$$_printf_percent$$00000003)
    _printf_e                                0x000001db   Thumb Code     0  _printf_e.o(.ARM.Collect$$_printf_percent$$00000004)
    _printf_g                                0x000001e1   Thumb Code     0  _printf_g.o(.ARM.Collect$$_printf_percent$$00000005)
    _printf_a                                0x000001e7   Thumb Code     0  _printf_a.o(.ARM.Collect$$_printf_percent$$00000006)
    _printf_ll                               0x000001ed   Thumb Code     0  _printf_ll.o(.ARM.Collect$$_printf_percent$$00000007)
    _printf_i                                0x000001f7   Thumb Code     0  _printf_i.o(.ARM.Collect$$_printf_percent$$00000008)
    _printf_d                                0x000001fd   Thumb Code     0  _printf_d.o(.ARM.Collect$$_printf_percent$$00000009)
    _printf_u                                0x00000203   Thumb Code     0  _printf_u.o(.ARM.Collect$$_printf_percent$$0000000A)
    _printf_o                                0x00000209   Thumb Code     0  _printf_o.o(.ARM.Collect$$_printf_percent$$0000000B)
    _printf_x                                0x0000020f   Thumb Code     0  _printf_x.o(.ARM.Collect$$_printf_percent$$0000000C)
    _printf_lli                              0x00000215   Thumb Code     0  _printf_lli.o(.ARM.Collect$$_printf_percent$$0000000D)
    _printf_lld                              0x0000021b   Thumb Code     0  _printf_lld.o(.ARM.Collect$$_printf_percent$$0000000E)
    _printf_llu                              0x00000221   Thumb Code     0  _printf_llu.o(.ARM.Collect$$_printf_percent$$0000000F)
    _printf_llo                              0x00000227   Thumb Code     0  _printf_llo.o(.ARM.Collect$$_printf_percent$$00000010)
    _printf_llx                              0x0000022d   Thumb Code     0  _printf_llx.o(.ARM.Collect$$_printf_percent$$00000011)
    _printf_l                                0x00000233   Thumb Code     0  _printf_l.o(.ARM.Collect$$_printf_percent$$00000012)
    _printf_c                                0x0000023d   Thumb Code     0  _printf_c.o(.ARM.Collect$$_printf_percent$$00000013)
    _printf_s                                0x00000243   Thumb Code     0  _printf_s.o(.ARM.Collect$$_printf_percent$$00000014)
    _printf_lc                               0x00000249   Thumb Code     0  _printf_lc.o(.ARM.Collect$$_printf_percent$$00000015)
    _printf_ls                               0x0000024f   Thumb Code     0  _printf_ls.o(.ARM.Collect$$_printf_percent$$00000016)
    _printf_percent_end                      0x00000255   Thumb Code     0  _printf_percent_end.o(.ARM.Collect$$_printf_percent$$00000017)
    __rt_lib_init                            0x00000259   Thumb Code     0  libinit.o(.ARM.Collect$$libinit$$00000000)
    __rt_lib_init_fp_1                       0x0000025b   Thumb Code     0  libinit2.o(.ARM.Collect$$libinit$$00000002)
    __rt_lib_init_heap_1                     0x0000025b   Thumb Code     0  libinit2.o(.ARM.Collect$$libinit$$0000000C)
    __rt_lib_init_preinit_1                  0x0000025b   Thumb Code     0  libinit2.o(.ARM.Collect$$libinit$$00000006)
    __rt_lib_init_rand_2                     0x0000025b   Thumb Code     0  libinit2.o(.ARM.Collect$$libinit$$0000000F)
    __rt_lib_init_relocate_pie_1             0x0000025b   Thumb Code     0  libinit2.o(.ARM.Collect$$libinit$$00000004)
    __rt_lib_init_user_alloc_1               0x0000025b   Thumb Code     0  libinit2.o(.ARM.Collect$$libinit$$0000000E)
    __rt_lib_init_lc_common                  0x0000025f   Thumb Code     0  libinit2.o(.ARM.Collect$$libinit$$00000011)
    __rt_lib_init_rand_1                     0x0000025f   Thumb Code     0  libinit2.o(.ARM.Collect$$libinit$$00000010)
    __rt_lib_init_lc_collate_1               0x00000265   Thumb Code     0  libinit2.o(.ARM.Collect$$libinit$$00000013)
    __rt_lib_init_lc_ctype_2                 0x00000265   Thumb Code     0  libinit2.o(.ARM.Collect$$libinit$$00000014)
    __rt_lib_init_lc_ctype_1                 0x00000271   Thumb Code     0  libinit2.o(.ARM.Collect$$libinit$$00000015)
    __rt_lib_init_lc_monetary_1              0x00000271   Thumb Code     0  libinit2.o(.ARM.Collect$$libinit$$00000017)
    __rt_lib_init_lc_numeric_2               0x00000271   Thumb Code     0  libinit2.o(.ARM.Collect$$libinit$$00000018)
    __rt_lib_init_alloca_1                   0x0000027b   Thumb Code     0  libinit2.o(.ARM.Collect$$libinit$$00000030)
    __rt_lib_init_argv_1                     0x0000027b   Thumb Code     0  libinit2.o(.ARM.Collect$$libinit$$0000002E)
    __rt_lib_init_atexit_1                   0x0000027b   Thumb Code     0  libinit2.o(.ARM.Collect$$libinit$$0000001D)
    __rt_lib_init_clock_1                    0x0000027b   Thumb Code     0  libinit2.o(.ARM.Collect$$libinit$$00000023)
    __rt_lib_init_cpp_1                      0x0000027b   Thumb Code     0  libinit2.o(.ARM.Collect$$libinit$$00000034)
    __rt_lib_init_exceptions_1               0x0000027b   Thumb Code     0  libinit2.o(.ARM.Collect$$libinit$$00000032)
    __rt_lib_init_fp_trap_1                  0x0000027b   Thumb Code     0  libinit2.o(.ARM.Collect$$libinit$$00000021)
    __rt_lib_init_getenv_1                   0x0000027b   Thumb Code     0  libinit2.o(.ARM.Collect$$libinit$$00000025)
    __rt_lib_init_lc_numeric_1               0x0000027b   Thumb Code     0  libinit2.o(.ARM.Collect$$libinit$$00000019)
    __rt_lib_init_lc_time_1                  0x0000027b   Thumb Code     0  libinit2.o(.ARM.Collect$$libinit$$0000001B)
    __rt_lib_init_return                     0x0000027b   Thumb Code     0  libinit2.o(.ARM.Collect$$libinit$$00000035)
    __rt_lib_init_signal_1                   0x0000027b   Thumb Code     0  libinit2.o(.ARM.Collect$$libinit$$0000001F)
    __rt_lib_init_stdio_1                    0x0000027b   Thumb Code     0  libinit2.o(.ARM.Collect$$libinit$$00000027)
    __rt_lib_shutdown                        0x0000027d   Thumb Code     0  libshutdown.o(.ARM.Collect$$libshutdown$$00000000)
    __rt_lib_shutdown_cpp_1                  0x0000027f   Thumb Code     0  libshutdown2.o(.ARM.Collect$$libshutdown$$00000002)
    __rt_lib_shutdown_fp_trap_1              0x0000027f   Thumb Code     0  libshutdown2.o(.ARM.Collect$$libshutdown$$00000007)
    __rt_lib_shutdown_heap_1                 0x0000027f   Thumb Code     0  libshutdown2.o(.ARM.Collect$$libshutdown$$0000000F)
    __rt_lib_shutdown_return                 0x0000027f   Thumb Code     0  libshutdown2.o(.ARM.Collect$$libshutdown$$00000010)
    __rt_lib_shutdown_signal_1               0x0000027f   Thumb Code     0  libshutdown2.o(.ARM.Collect$$libshutdown$$0000000A)
    __rt_lib_shutdown_stdio_1                0x0000027f   Thumb Code     0  libshutdown2.o(.ARM.Collect$$libshutdown$$00000004)
    __rt_lib_shutdown_user_alloc_1           0x0000027f   Thumb Code     0  libshutdown2.o(.ARM.Collect$$libshutdown$$0000000C)
    __rt_entry                               0x00000281   Thumb Code     0  __rtentry.o(.ARM.Collect$$rtentry$$00000000)
    __rt_entry_presh_1                       0x00000281   Thumb Code     0  __rtentry2.o(.ARM.Collect$$rtentry$$00000002)
    __rt_entry_sh                            0x00000281   Thumb Code     0  __rtentry4.o(.ARM.Collect$$rtentry$$00000004)
    __rt_entry_li                            0x00000287   Thumb Code     0  __rtentry2.o(.ARM.Collect$$rtentry$$0000000A)
    __rt_entry_postsh_1                      0x00000287   Thumb Code     0  __rtentry2.o(.ARM.Collect$$rtentry$$00000009)
    __rt_entry_main                          0x0000028b   Thumb Code     0  __rtentry2.o(.ARM.Collect$$rtentry$$0000000D)
    __rt_entry_postli_1                      0x0000028b   Thumb Code     0  __rtentry2.o(.ARM.Collect$$rtentry$$0000000C)
    __rt_exit                                0x00000293   Thumb Code     0  rtexit.o(.ARM.Collect$$rtexit$$00000000)
    __rt_exit_ls                             0x00000295   Thumb Code     0  rtexit2.o(.ARM.Collect$$rtexit$$00000003)
    __rt_exit_prels_1                        0x00000295   Thumb Code     0  rtexit2.o(.ARM.Collect$$rtexit$$00000002)
    __rt_exit_exit                           0x00000299   Thumb Code     0  rtexit2.o(.ARM.Collect$$rtexit$$00000004)
    rand                                     0x000002a1   Thumb Code    48  rand.o(.emb_text)
    __use_two_region_memory                  0x000002d5   Thumb Code     2  heapauxi.o(.text)
    __rt_heap_escrow$2region                 0x000002d7   Thumb Code     2  heapauxi.o(.text)
    __rt_heap_expand$2region                 0x000002d9   Thumb Code     2  heapauxi.o(.text)
    _sputc                                   0x000002db   Thumb Code    10  _sputc.o(.text)
    __rt_ctype_table                         0x000002e5   Thumb Code    16  rt_ctype_table.o(.text)
    __rt_locale                              0x000002f5   Thumb Code     8  rt_locale_intlibspace.o(.text)
    Reset_Handler                            0x00000301   Thumb Code     4  startup_lpc17xx.o(.text)
    NMI_Handler                              0x00000305   Thumb Code     2  startup_lpc17xx.o(.text)
    HardFault_Handler                        0x00000307   Thumb Code     2  startup_lpc17xx.o(.text)
    MemManage_Handler                        0x00000309   Thumb Code     2  startup_lpc17xx.o(.text)
    BusFault_Handler                         0x0000030b   Thumb Code     2  startup_lpc17xx.o(.text)
    UsageFault_Handler                       0x0000030d   Thumb Code     2  startup_lpc17xx.o(.text)
    SVC_Handler                              0x0000030f   Thumb Code     2  startup_lpc17xx.o(.text)
    DebugMon_Handler                         0x00000311   Thumb Code     2  startup_lpc17xx.o(.text)
    PendSV_Handler                           0x00000313   Thumb Code     2  startup_lpc17xx.o(.text)
    SysTick_Handler                          0x00000315   Thumb Code     2  startup_lpc17xx.o(.text)
    BOD_IRQHandler                           0x00000317   Thumb Code     0  startup_lpc17xx.o(.text)
    CANActivity_IRQHandler                   0x00000317   Thumb Code     0  startup_lpc17xx.o(.text)
    CAN_IRQHandler                           0x00000317   Thumb Code     0  startup_lpc17xx.o(.text)
    DMA_IRQHandler                           0x00000317   Thumb Code     0  startup_lpc17xx.o(.text)
    EINT3_IRQHandler                         0x00000317   Thumb Code     0  startup_lpc17xx.o(.text)
    ENET_IRQHandler                          0x00000317   Thumb Code     0  startup_lpc17xx.o(.text)
    I2C0_IRQHandler                          0x00000317   Thumb Code     0  startup_lpc17xx.o(.text)
    I2C1_IRQHandler                          0x00000317   Thumb Code     0  startup_lpc17xx.o(.text)
    I2C2_IRQHandler                          0x00000317   Thumb Code     0  startup_lpc17xx.o(.text)
    I2S_IRQHandler                           0x00000317   Thumb Code     0  startup_lpc17xx.o(.text)
    MCPWM_IRQHandler                         0x00000317   Thumb Code     0  startup_lpc17xx.o(.text)
    PLL0_IRQHandler                          0x00000317   Thumb Code     0  startup_lpc17xx.o(.text)
    PLL1_IRQHandler                          0x00000317   Thumb Code     0  startup_lpc17xx.o(.text)
    PWM1_IRQHandler                          0x00000317   Thumb Code     0  startup_lpc17xx.o(.text)
    QEI_IRQHandler                           0x00000317   Thumb Code     0  startup_lpc17xx.o(.text)
    RTC_IRQHandler                           0x00000317   Thumb Code     0  startup_lpc17xx.o(.text)
    SPI_IRQHandler                           0x00000317   Thumb Code     0  startup_lpc17xx.o(.text)
    SSP0_IRQHandler                          0x00000317   Thumb Code     0  startup_lpc17xx.o(.text)
    SSP1_IRQHandler                          0x00000317   Thumb Code     0  startup_lpc17xx.o(.text)
    TIMER2_IRQHandler                        0x00000317   Thumb Code     0  startup_lpc17xx.o(.text)
    TIMER3_IRQHandler                        0x00000317   Thumb Code     0  startup_lpc17xx.o(.text)
    UART0_IRQHandler                         0x00000317   Thumb Code     0  startup_lpc17xx.o(.text)
    UART1_IRQHandler                         0x00000317   Thumb Code     0  startup_lpc17xx.o(.text)
    UART2_IRQHandler                         0x00000317   Thumb Code     0  startup_lpc17xx.o(.text)
    UART3_IRQHandler                         0x00000317   Thumb Code     0  startup_lpc17xx.o(.text)
    USBActivity_IRQHandler                   0x00000317   Thumb Code     0  startup_lpc17xx.o(.text)
    USB_IRQHandler                           0x00000317   Thumb Code     0  startup_lpc17xx.o(.text)
    WDT_IRQHandler                           0x00000317   Thumb Code     0  startup_lpc17xx.o(.text)
    __user_initial_stackheap                 0x00000319   Thumb Code     0  startup_lpc17xx.o(.text)
    main                                     0x00000335   Thumb Code   248  sample.o(.text)
    SystemInit                               0x00000449   Thumb Code   288  system_lpc17xx.o(.text)
    TIMER0_IRQHandler                        0x00000579   Thumb Code    64  irq_timer.o(.text)
    TIMER1_IRQHandler                        0x000005b9   Thumb Code    28  irq_timer.o(.text)
    enable_timer                             0x000005d5   Thumb Code    32  lib_timer.o(.text)
    disable_timer                            0x000005f5   Thumb Code    32  lib_timer.o(.text)
    reset_timer                              0x00000615   Thumb Code    34  lib_timer.o(.text)
    init_timer                               0x00000639   Thumb Code    72  lib_timer.o(.text)
    GetASCIICode                             0x00000681   Thumb Code    42  asciilib.o(.text)
    LCD_Initialization                       0x000006ad   Thumb Code 12042  glcd.o(.text)
    LCD_Clear                                0x0000362d   Thumb Code  2028  glcd.o(.text)
    LCD_GetPoint                             0x000045a5   Thumb Code  1324  glcd.o(.text)
    LCD_SetPoint                             0x00004b19   Thumb Code   320  glcd.o(.text)
    LCD_DrawLine                             0x00004c59   Thumb Code   546  glcd.o(.text)
    debug_state                              0x00004e7d   Thumb Code    62  glcd.o(.text)
    GUI_Text                                 0x00004ebd   Thumb Code   152  glcd.o(.text)
    PutChar                                  0x00004f55   Thumb Code   210  glcd.o(.text)
    draw_grids                               0x00005029   Thumb Code   168  glcd.o(.text)
    LCD_DrawSquare                           0x000050d1   Thumb Code   276  glcd.o(.text)
    rotate_shape                             0x000051e5   Thumb Code   466  glcd.o(.text)
    draw_rotate_tetronomis                   0x000053b9   Thumb Code   114  glcd.o(.text)
    gameover                                 0x0000542d   Thumb Code   180  glcd.o(.text)
    gridfull                                 0x000054e1   Thumb Code   188  glcd.o(.text)
    generate_random_tetros                   0x0000559d   Thumb Code   112  glcd.o(.text)
    row_is_full                              0x0000560d   Thumb Code    96  glcd.o(.text)
    clear_line                               0x0000566d   Thumb Code   296  glcd.o(.text)
    allow_to_move_down                       0x00005795   Thumb Code   200  glcd.o(.text)
    new_game                                 0x0000585d   Thumb Code   432  glcd.o(.text)
    freeze_shape                             0x00005a0d   Thumb Code   690  glcd.o(.text)
    EINT0_IRQHandler                         0x00005cd9   Thumb Code    18  irq_button.o(.text)
    EINT1_IRQHandler                         0x00005ced   Thumb Code   148  irq_button.o(.text)
    EINT2_IRQHandler                         0x00005dad   Thumb Code    96  irq_button.o(.text)
    BUTTON_init                              0x00005e0d   Thumb Code   120  lib_button.o(.text)
    RIT_IRQHandler                           0x00005e85   Thumb Code   428  irq_rit.o(.text)
    enable_RIT                               0x00006031   Thumb Code    16  lib_rit.o(.text)
    disable_RIT                              0x00006041   Thumb Code    16  lib_rit.o(.text)
    reset_RIT                                0x00006051   Thumb Code    12  lib_rit.o(.text)
    init_RIT                                 0x0000605d   Thumb Code    82  lib_rit.o(.text)
    joystick_init                            0x000060b1   Thumb Code    42  lib_joystick.o(.text)
    ReadJoystick                             0x000060dd   Thumb Code    62  lib_joystick.o(.text)
    disable_joystick                         0x0000611d   Thumb Code    14  lib_joystick.o(.text)
    enable_joystick                          0x0000612d   Thumb Code    14  lib_joystick.o(.text)
    HandleJoystickInput                      0x0000613d   Thumb Code    92  lib_joystick.o(.text)
    isJoystickClicked                        0x00006199   Thumb Code    18  lib_joystick.o(.text)
    allow_to_move_left                       0x000061ad   Thumb Code   110  funct_joystick.o(.text)
    allow_to_move_right                      0x0000621d   Thumb Code   110  funct_joystick.o(.text)
    move_left                                0x0000628d   Thumb Code   162  funct_joystick.o(.text)
    move_right                               0x00006331   Thumb Code   164  funct_joystick.o(.text)
    move_down                                0x000063d5   Thumb Code    72  funct_joystick.o(.text)
    move_up                                  0x0000641d   Thumb Code    70  funct_joystick.o(.text)
    copy_tetronomis                          0x00006465   Thumb Code    26  funct_joystick.o(.text)
    ADC_init                                 0x00006481   Thumb Code    72  lib_adc.o(.text)
    ADC_start_conversion                     0x000064c9   Thumb Code    18  lib_adc.o(.text)
    ADC_IRQHandler                           0x000064dd   Thumb Code    50  irq_adc.o(.text)
    spawn_powerup                            0x00006511   Thumb Code   172  game.o(.text)
    half_clear_powerup                       0x000065cd   Thumb Code   226  game.o(.text)
    slowdown_powerup                         0x000066b1   Thumb Code    14  game.o(.text)
    spawn_malus_line                         0x000066c1   Thumb Code   348  game.o(.text)
    init_audio                               0x00006829   Thumb Code    58  music.o(.text)
    start_bg_music                           0x00006865   Thumb Code    14  music.o(.text)
    play_rotate                              0x00006875   Thumb Code    34  music.o(.text)
    stop_music                               0x00006899   Thumb Code    38  music.o(.text)
    playNote                                 0x000068c1   Thumb Code    52  music.o(.text)
    isNotePlaying                            0x000068f5   Thumb Code    36  music.o(.text)
    sprintf                                  0x00006919   Thumb Code    38  sprintf.o(.text)
    __2sprintf                               0x00006945   Thumb Code    38  __2sprintf.o(.text)
    _printf_int_dec                          0x00006971   Thumb Code   104  _printf_dec.o(.text)
    __printf                                 0x000069e9   Thumb Code   388  __printf_flags_ss_wp.o(.text)
    srand                                    0x00006b71   Thumb Code    42  rand.o(.text)
    _rand_init                               0x00006b9b   Thumb Code     4  rand.o(.text)
    __aeabi_memcpy                           0x00006bad   Thumb Code     0  rt_memcpy_v6.o(.text)
    __rt_memcpy                              0x00006bad   Thumb Code   138  rt_memcpy_v6.o(.text)
    _memcpy_lastbytes                        0x00006c13   Thumb Code     0  rt_memcpy_v6.o(.text)
    __aeabi_memclr                           0x00006c37   Thumb Code     0  rt_memclr.o(.text)
    __rt_memclr                              0x00006c37   Thumb Code     0  rt_memclr.o(.text)
    _memset                                  0x00006c3b   Thumb Code    64  rt_memclr.o(.text)
    __aeabi_memclr4                          0x00006c7b   Thumb Code     0  rt_memclr_w.o(.text)
    __aeabi_memclr8                          0x00006c7b   Thumb Code     0  rt_memclr_w.o(.text)
    __rt_memclr_w                            0x00006c7b   Thumb Code     0  rt_memclr_w.o(.text)
    _memset_w                                0x00006c7f   Thumb Code    74  rt_memclr_w.o(.text)
    _printf_pre_padding                      0x00006cc9   Thumb Code    44  _printf_pad.o(.text)
    _printf_post_padding                     0x00006cf5   Thumb Code    34  _printf_pad.o(.text)
    _printf_truncate_signed                  0x00006d17   Thumb Code    18  _printf_truncate.o(.text)
    _printf_truncate_unsigned                0x00006d29   Thumb Code    18  _printf_truncate.o(.text)
    _printf_str                              0x00006d3b   Thumb Code    82  _printf_str.o(.text)
    _printf_int_common                       0x00006d8d   Thumb Code   178  _printf_intcommon.o(.text)
    _printf_charcount                        0x00006e3f   Thumb Code    40  _printf_charcount.o(.text)
    _printf_char_common                      0x00006e73   Thumb Code    32  _printf_char_common.o(.text)
    _printf_wctomb                           0x00006e99   Thumb Code   182  _printf_wctomb.o(.text)
    _printf_longlong_dec                     0x00006f55   Thumb Code   108  _printf_longlong_dec.o(.text)
    _printf_longlong_oct                     0x00006fd1   Thumb Code    68  _printf_oct_int_ll.o(.text)
    _printf_int_oct                          0x00007015   Thumb Code    24  _printf_oct_int_ll.o(.text)
    _printf_ll_oct                           0x0000702d   Thumb Code    12  _printf_oct_int_ll.o(.text)
    _printf_longlong_hex                     0x00007041   Thumb Code    86  _printf_hex_int_ll_ptr.o(.text)
    _printf_int_hex                          0x00007097   Thumb Code    28  _printf_hex_int_ll_ptr.o(.text)
    _printf_ll_hex                           0x000070b3   Thumb Code    12  _printf_hex_int_ll_ptr.o(.text)
    _printf_hex_ptr                          0x000070bf   Thumb Code    18  _printf_hex_int_ll_ptr.o(.text)
    __aeabi_memcpy4                          0x000070d5   Thumb Code     0  rt_memcpy_w.o(.text)
    __aeabi_memcpy8                          0x000070d5   Thumb Code     0  rt_memcpy_w.o(.text)
    __rt_memcpy_w                            0x000070d5   Thumb Code   100  rt_memcpy_w.o(.text)
    _memcpy_lastbytes_aligned                0x0000711d   Thumb Code     0  rt_memcpy_w.o(.text)
    _ll_udiv10                               0x00007139   Thumb Code   138  lludiv10.o(.text)
    _printf_fp_dec_real                      0x00007373   Thumb Code   620  _printf_fp_dec.o(.text)
    _printf_fp_hex_real                      0x000075e1   Thumb Code   756  _printf_fp_hex.o(.text)
    _printf_cs_common                        0x000078dd   Thumb Code    20  _printf_char.o(.text)
    _printf_char                             0x000078f1   Thumb Code    16  _printf_char.o(.text)
    _printf_string                           0x00007901   Thumb Code     8  _printf_char.o(.text)
    _printf_lcs_common                       0x00007909   Thumb Code    20  _printf_wchar.o(.text)
    _printf_wchar                            0x0000791d   Thumb Code    16  _printf_wchar.o(.text)
    _printf_wstring                          0x0000792d   Thumb Code     8  _printf_wchar.o(.text)
    _c16rtomb                                0x00007935   Thumb Code    72  _c16rtomb.o(.text)
    _wcrtomb                                 0x00007935   Thumb Code     0  _c16rtomb.o(.text)
    __user_setup_stackheap                   0x0000797d   Thumb Code    74  sys_stackheap_outer.o(.text)
    _printf_fp_infnan                        0x000079c9   Thumb Code   112  _printf_fp_infnan.o(.text)
    _btod_etento                             0x00007a49   Thumb Code   224  bigflt0.o(.text)
    exit                                     0x00007b2d   Thumb Code    18  exit.o(.text)
    __user_libspace                          0x00007b41   Thumb Code     8  libspace.o(.text)
    __user_perproc_libspace                  0x00007b41   Thumb Code     0  libspace.o(.text)
    __user_perthread_libspace                0x00007b41   Thumb Code     0  libspace.o(.text)
    strcmp                                   0x00007b49   Thumb Code   128  strcmpv7m.o(.text)
    __I$use$semihosting                      0x00007bc9   Thumb Code     0  use_no_semi.o(.text)
    __use_no_semihosting_swi                 0x00007bc9   Thumb Code     2  use_no_semi.o(.text)
    __semihosting_library_function           0x00007bcb   Thumb Code     0  indicate_semi.o(.text)
    _sys_exit                                0x00007bcd   Thumb Code     8  sys_exit.o(.text)
    _btod_d2e                                0x00007bd9   Thumb Code    62  btod.o(CL$$btod_d2e)
    _d2e_denorm_low                          0x00007c17   Thumb Code    70  btod.o(CL$$btod_d2e_denorm_low)
    _d2e_norm_op1                            0x00007c5d   Thumb Code    96  btod.o(CL$$btod_d2e_norm_op1)
    __btod_div_common                        0x00007cbd   Thumb Code   696  btod.o(CL$$btod_div_common)
    _e2e                                     0x00007ff5   Thumb Code   220  btod.o(CL$$btod_e2e)
    _btod_ediv                               0x000080d1   Thumb Code    42  btod.o(CL$$btod_ediv)
    _btod_emul                               0x000080fb   Thumb Code    42  btod.o(CL$$btod_emul)
    __btod_mult_common                       0x00008125   Thumb Code   580  btod.o(CL$$btod_mult_common)
    __ARM_fpclassify                         0x00008369   Thumb Code    40  fpclassify.o(i.__ARM_fpclassify)
    _is_digit                                0x00008391   Thumb Code    14  __printf_wp.o(i._is_digit)
    _get_lc_numeric                          0x000083a1   Thumb Code    44  lc_numeric_c.o(locale$$code)
    _get_lc_ctype                            0x000083cd   Thumb Code    44  lc_ctype_c.o(locale$$code)
    _printf_fp_dec                           0x000083f9   Thumb Code     4  printf1.o(x$fpl$printf1)
    _printf_fp_hex                           0x000083fd   Thumb Code     4  printf2.o(x$fpl$printf2)
    __I$use$fp                               0x00008400   Number         0  usenofp.o(x$fpl$usenofp)
    temtronomColor                           0x00008b46   Data          14  sample.o(.rodata.temtronomColor)
    tetronomis                               0x00008b54   Data         224  sample.o(.rodata.tetronomis)
    Region$$Table$$Base                      0x00008c34   Number         0  anon$$obj.o(Region$$Table)
    Region$$Table$$Limit                     0x00008c74   Number         0  anon$$obj.o(Region$$Table)
    __ctype                                  0x00008c9d   Data           0  lc_ctype_c.o(locale$$data)
    AD_last                                  0x10000000   Data           2  irq_adc.o(.data.AD_last)
    COLUMNS                                  0x10000004   Data           4  sample.o(.data.COLUMNS)
    SinTable                                 0x10000008   Data          90  irq_timer.o(.data.SinTable)
    SystemFrequency                          0x10000064   Data           4  system_lpc17xx.o(.data.SystemFrequency)
    joystick_enabled                         0x10000068   Data           1  lib_joystick.o(.data.joystick_enabled)
    __libspace_start                         0x10000070   Data          96  libspace.o(.bss)
    AD_current                               0x100000d0   Data           2  irq_adc.o(.bss.AD_current)
    __temporary_stack_top$libspace           0x100000d0   Data           0  libspace.o(.bss)
    Score                                    0x100000d8   Data           4  sample.o(.bss.Score)
    clearedline                              0x100000dc   Data           4  sample.o(.bss.clearedline)
    current_y                                0x100000e0   Data           4  sample.o(.bss.current_y)
    gamestarted                              0x100000e8   Data           4  sample.o(.bss.gamestarted)
    key1_debounce                            0x100000ec   Data           4  glcd.o(.bss.key1_debounce)
    malus_counter                            0x100000f0   Data           4  sample.o(.bss.malus_counter)
    press_left                               0x100000f4   Data           1  sample.o(.bss.press_left)
    slowdown_active                          0x100000fc   Data           1  sample.o(.bss.slowdown_active)
    temp_tetronomis                          0x100000fe   Data          32  glcd.o(.bss.temp_tetronomis)
    update_score                             0x10000120   Data           4  sample.o(.bss.update_score)
    ROWS                                     0x2007c000   Data           4  sample.o(.data.ROWS)
    current_x                                0x2007c004   Data           4  sample.o(.data.current_x)
    song                                     0x2007c008   Data         384  irq_rit.o(.data.song)
    _random_number_data                      0x2007c188   Data         228  rand.o(.bss)
    bg_active                                0x2007c278   Data           4  music.o(.bss.bg_active)
    current_tetronomis                       0x2007c27c   Data          32  funct_joystick.o(.bss.current_tetronomis)
    down_pressed                             0x2007c29c   Data           1  sample.o(.bss.down_pressed)
    highest_Score                            0x2007c2a0   Data           4  sample.o(.bss.highest_Score)
    isPaused                                 0x2007c2a4   Data           4  sample.o(.bss.isPaused)
    new_shape                                0x2007c2ac   Data           4  sample.o(.bss.new_shape)
    placed_color                             0x2007c2b0   Data         400  sample.o(.bss.placed_color)
    placed_powerup                           0x2007c440   Data         200  sample.o(.bss.placed_powerup)
    powerup_counter                          0x2007c508   Data           4  sample.o(.bss.powerup_counter)
    press_right                              0x2007c50c   Data           1  sample.o(.bss.press_right)
    press_up                                 0x2007c50d   Data           1  sample.o(.bss.press_up)
    random_indx                              0x2007c510   Data           4  sample.o(.bss.random_indx)



==============================================================================

Memory Map of the image

  Image Entry point : 0x000000cd

  Load Region LR_IROM1 (Base: 0x00000000, Size: 0x00008f98, Max: 0x00080000, ABSOLUTE, COMPRESSED[0x00008e58])

    Execution Region ER_IROM1 (Exec base: 0x00000000, Load base: 0x00000000, Size: 0x00008da0, Max: 0x00080000, ABSOLUTE)

    Exec Addr    Load Addr    Size         Type   Attr      Idx    E Section Name        Object

    0x00000000   0x00000000   0x000000cc   Data   RO            3    RESET               startup_lpc17xx.o
    0x000000cc   0x000000cc   0x00000008   Code   RO          254  * !!!main             c_w.l(__main.o)
    0x000000d4   0x000000d4   0x0000005c   Code   RO          605    !!!scatter          c_w.l(__scatter.o)
    0x00000130   0x00000130   0x0000005a   Code   RO          603    !!dczerorl2         c_w.l(__dczerorl2.o)
    0x0000018a   0x0000018a   0x00000002   PAD
    0x0000018c   0x0000018c   0x0000001a   Code   RO          609    !!handler_copy      c_w.l(__scatter_copy.o)
    0x000001a6   0x000001a6   0x00000002   PAD
    0x000001a8   0x000001a8   0x00000002   Code   RO          606    !!handler_null      c_w.l(__scatter.o)
    0x000001aa   0x000001aa   0x00000002   PAD
    0x000001ac   0x000001ac   0x0000001c   Code   RO          611    !!handler_zi        c_w.l(__scatter_zi.o)
    0x000001c8   0x000001c8   0x00000000   Code   RO          240    .ARM.Collect$$_printf_percent$$00000000  c_w.l(_printf_percent.o)
    0x000001c8   0x000001c8   0x00000006   Code   RO          329    .ARM.Collect$$_printf_percent$$00000001  c_w.l(_printf_n.o)
    0x000001ce   0x000001ce   0x00000006   Code   RO          331    .ARM.Collect$$_printf_percent$$00000002  c_w.l(_printf_p.o)
    0x000001d4   0x000001d4   0x00000006   Code   RO          335    .ARM.Collect$$_printf_percent$$00000003  c_w.l(_printf_f.o)
    0x000001da   0x000001da   0x00000006   Code   RO          336    .ARM.Collect$$_printf_percent$$00000004  c_w.l(_printf_e.o)
    0x000001e0   0x000001e0   0x00000006   Code   RO          337    .ARM.Collect$$_printf_percent$$00000005  c_w.l(_printf_g.o)
    0x000001e6   0x000001e6   0x00000006   Code   RO          338    .ARM.Collect$$_printf_percent$$00000006  c_w.l(_printf_a.o)
    0x000001ec   0x000001ec   0x0000000a   Code   RO          343    .ARM.Collect$$_printf_percent$$00000007  c_w.l(_printf_ll.o)
    0x000001f6   0x000001f6   0x00000006   Code   RO          333    .ARM.Collect$$_printf_percent$$00000008  c_w.l(_printf_i.o)
    0x000001fc   0x000001fc   0x00000006   Code   RO          239    .ARM.Collect$$_printf_percent$$00000009  c_w.l(_printf_d.o)
    0x00000202   0x00000202   0x00000006   Code   RO          334    .ARM.Collect$$_printf_percent$$0000000A  c_w.l(_printf_u.o)
    0x00000208   0x00000208   0x00000006   Code   RO          332    .ARM.Collect$$_printf_percent$$0000000B  c_w.l(_printf_o.o)
    0x0000020e   0x0000020e   0x00000006   Code   RO          330    .ARM.Collect$$_printf_percent$$0000000C  c_w.l(_printf_x.o)
    0x00000214   0x00000214   0x00000006   Code   RO          340    .ARM.Collect$$_printf_percent$$0000000D  c_w.l(_printf_lli.o)
    0x0000021a   0x0000021a   0x00000006   Code   RO          341    .ARM.Collect$$_printf_percent$$0000000E  c_w.l(_printf_lld.o)
    0x00000220   0x00000220   0x00000006   Code   RO          342    .ARM.Collect$$_printf_percent$$0000000F  c_w.l(_printf_llu.o)
    0x00000226   0x00000226   0x00000006   Code   RO          347    .ARM.Collect$$_printf_percent$$00000010  c_w.l(_printf_llo.o)
    0x0000022c   0x0000022c   0x00000006   Code   RO          348    .ARM.Collect$$_printf_percent$$00000011  c_w.l(_printf_llx.o)
    0x00000232   0x00000232   0x0000000a   Code   RO          344    .ARM.Collect$$_printf_percent$$00000012  c_w.l(_printf_l.o)
    0x0000023c   0x0000023c   0x00000006   Code   RO          327    .ARM.Collect$$_printf_percent$$00000013  c_w.l(_printf_c.o)
    0x00000242   0x00000242   0x00000006   Code   RO          328    .ARM.Collect$$_printf_percent$$00000014  c_w.l(_printf_s.o)
    0x00000248   0x00000248   0x00000006   Code   RO          345    .ARM.Collect$$_printf_percent$$00000015  c_w.l(_printf_lc.o)
    0x0000024e   0x0000024e   0x00000006   Code   RO          346    .ARM.Collect$$_printf_percent$$00000016  c_w.l(_printf_ls.o)
    0x00000254   0x00000254   0x00000004   Code   RO          339    .ARM.Collect$$_printf_percent$$00000017  c_w.l(_printf_percent_end.o)
    0x00000258   0x00000258   0x00000002   Code   RO          507    .ARM.Collect$$libinit$$00000000  c_w.l(libinit.o)
    0x0000025a   0x0000025a   0x00000000   Code   RO          352    .ARM.Collect$$libinit$$00000002  c_w.l(libinit2.o)
    0x0000025a   0x0000025a   0x00000000   Code   RO          354    .ARM.Collect$$libinit$$00000004  c_w.l(libinit2.o)
    0x0000025a   0x0000025a   0x00000000   Code   RO          356    .ARM.Collect$$libinit$$00000006  c_w.l(libinit2.o)
    0x0000025a   0x0000025a   0x00000000   Code   RO          359    .ARM.Collect$$libinit$$0000000C  c_w.l(libinit2.o)
    0x0000025a   0x0000025a   0x00000000   Code   RO          361    .ARM.Collect$$libinit$$0000000E  c_w.l(libinit2.o)
    0x0000025a   0x0000025a   0x00000004   Code   RO          362    .ARM.Collect$$libinit$$0000000F  c_w.l(libinit2.o)
    0x0000025e   0x0000025e   0x00000000   Code   RO          363    .ARM.Collect$$libinit$$00000010  c_w.l(libinit2.o)
    0x0000025e   0x0000025e   0x00000006   Code   RO          364    .ARM.Collect$$libinit$$00000011  c_w.l(libinit2.o)
    0x00000264   0x00000264   0x00000000   Code   RO          366    .ARM.Collect$$libinit$$00000013  c_w.l(libinit2.o)
    0x00000264   0x00000264   0x0000000c   Code   RO          367    .ARM.Collect$$libinit$$00000014  c_w.l(libinit2.o)
    0x00000270   0x00000270   0x00000000   Code   RO          368    .ARM.Collect$$libinit$$00000015  c_w.l(libinit2.o)
    0x00000270   0x00000270   0x00000000   Code   RO          370    .ARM.Collect$$libinit$$00000017  c_w.l(libinit2.o)
    0x00000270   0x00000270   0x0000000a   Code   RO          371    .ARM.Collect$$libinit$$00000018  c_w.l(libinit2.o)
    0x0000027a   0x0000027a   0x00000000   Code   RO          372    .ARM.Collect$$libinit$$00000019  c_w.l(libinit2.o)
    0x0000027a   0x0000027a   0x00000000   Code   RO          374    .ARM.Collect$$libinit$$0000001B  c_w.l(libinit2.o)
    0x0000027a   0x0000027a   0x00000000   Code   RO          376    .ARM.Collect$$libinit$$0000001D  c_w.l(libinit2.o)
    0x0000027a   0x0000027a   0x00000000   Code   RO          378    .ARM.Collect$$libinit$$0000001F  c_w.l(libinit2.o)
    0x0000027a   0x0000027a   0x00000000   Code   RO          380    .ARM.Collect$$libinit$$00000021  c_w.l(libinit2.o)
    0x0000027a   0x0000027a   0x00000000   Code   RO          382    .ARM.Collect$$libinit$$00000023  c_w.l(libinit2.o)
    0x0000027a   0x0000027a   0x00000000   Code   RO          384    .ARM.Collect$$libinit$$00000025  c_w.l(libinit2.o)
    0x0000027a   0x0000027a   0x00000000   Code   RO          386    .ARM.Collect$$libinit$$00000027  c_w.l(libinit2.o)
    0x0000027a   0x0000027a   0x00000000   Code   RO          390    .ARM.Collect$$libinit$$0000002E  c_w.l(libinit2.o)
    0x0000027a   0x0000027a   0x00000000   Code   RO          392    .ARM.Collect$$libinit$$00000030  c_w.l(libinit2.o)
    0x0000027a   0x0000027a   0x00000000   Code   RO          394    .ARM.Collect$$libinit$$00000032  c_w.l(libinit2.o)
    0x0000027a   0x0000027a   0x00000000   Code   RO          396    .ARM.Collect$$libinit$$00000034  c_w.l(libinit2.o)
    0x0000027a   0x0000027a   0x00000002   Code   RO          397    .ARM.Collect$$libinit$$00000035  c_w.l(libinit2.o)
    0x0000027c   0x0000027c   0x00000002   Code   RO          562    .ARM.Collect$$libshutdown$$00000000  c_w.l(libshutdown.o)
    0x0000027e   0x0000027e   0x00000000   Code   RO          570    .ARM.Collect$$libshutdown$$00000002  c_w.l(libshutdown2.o)
    0x0000027e   0x0000027e   0x00000000   Code   RO          572    .ARM.Collect$$libshutdown$$00000004  c_w.l(libshutdown2.o)
    0x0000027e   0x0000027e   0x00000000   Code   RO          575    .ARM.Collect$$libshutdown$$00000007  c_w.l(libshutdown2.o)
    0x0000027e   0x0000027e   0x00000000   Code   RO          578    .ARM.Collect$$libshutdown$$0000000A  c_w.l(libshutdown2.o)
    0x0000027e   0x0000027e   0x00000000   Code   RO          580    .ARM.Collect$$libshutdown$$0000000C  c_w.l(libshutdown2.o)
    0x0000027e   0x0000027e   0x00000000   Code   RO          583    .ARM.Collect$$libshutdown$$0000000F  c_w.l(libshutdown2.o)
    0x0000027e   0x0000027e   0x00000002   Code   RO          584    .ARM.Collect$$libshutdown$$00000010  c_w.l(libshutdown2.o)
    0x00000280   0x00000280   0x00000000   Code   RO          280    .ARM.Collect$$rtentry$$00000000  c_w.l(__rtentry.o)
    0x00000280   0x00000280   0x00000000   Code   RO          418    .ARM.Collect$$rtentry$$00000002  c_w.l(__rtentry2.o)
    0x00000280   0x00000280   0x00000006   Code   RO          430    .ARM.Collect$$rtentry$$00000004  c_w.l(__rtentry4.o)
    0x00000286   0x00000286   0x00000000   Code   RO          420    .ARM.Collect$$rtentry$$00000009  c_w.l(__rtentry2.o)
    0x00000286   0x00000286   0x00000004   Code   RO          421    .ARM.Collect$$rtentry$$0000000A  c_w.l(__rtentry2.o)
    0x0000028a   0x0000028a   0x00000000   Code   RO          423    .ARM.Collect$$rtentry$$0000000C  c_w.l(__rtentry2.o)
    0x0000028a   0x0000028a   0x00000008   Code   RO          424    .ARM.Collect$$rtentry$$0000000D  c_w.l(__rtentry2.o)
    0x00000292   0x00000292   0x00000002   Code   RO          519    .ARM.Collect$$rtexit$$00000000  c_w.l(rtexit.o)
    0x00000294   0x00000294   0x00000000   Code   RO          538    .ARM.Collect$$rtexit$$00000002  c_w.l(rtexit2.o)
    0x00000294   0x00000294   0x00000004   Code   RO          539    .ARM.Collect$$rtexit$$00000003  c_w.l(rtexit2.o)
    0x00000298   0x00000298   0x00000006   Code   RO          540    .ARM.Collect$$rtexit$$00000004  c_w.l(rtexit2.o)
    0x0000029e   0x0000029e   0x00000002   PAD
    0x000002a0   0x000002a0   0x00000034   Code   RO          241    .emb_text           c_w.l(rand.o)
    0x000002d4   0x000002d4   0x00000006   Code   RO          252    .text               c_w.l(heapauxi.o)
    0x000002da   0x000002da   0x0000000a   Code   RO          293    .text               c_w.l(_sputc.o)
    0x000002e4   0x000002e4   0x00000010   Code   RO          457    .text               c_w.l(rt_ctype_table.o)
    0x000002f4   0x000002f4   0x00000008   Code   RO          462    .text               c_w.l(rt_locale_intlibspace.o)
    0x000002fc   0x000002fc   0x00000004   Code   RO            4    .ARM.__at_0x02FC    startup_lpc17xx.o
    0x00000300   0x00000300   0x00000034   Code   RO            5    .text               startup_lpc17xx.o
    0x00000334   0x00000334   0x00000114   Code   RO           13    .text               sample.o
    0x00000448   0x00000448   0x00000130   Code   RO           50    .text               system_lpc17xx.o
    0x00000578   0x00000578   0x0000005c   Code   RO           58    .text               irq_timer.o
    0x000005d4   0x000005d4   0x000000ac   Code   RO           67    .text               lib_timer.o
    0x00000680   0x00000680   0x0000002a   Code   RO           75    .text               asciilib.o
    0x000006aa   0x000006aa   0x00000002   PAD
    0x000006ac   0x000006ac   0x0000562a   Code   RO           84    .text               glcd.o
    0x00005cd6   0x00005cd6   0x00000002   PAD
    0x00005cd8   0x00005cd8   0x00000134   Code   RO          117    .text               irq_button.o
    0x00005e0c   0x00005e0c   0x00000078   Code   RO          125    .text               lib_button.o
    0x00005e84   0x00005e84   0x000001ac   Code   RO          132    .text               irq_rit.o
    0x00006030   0x00006030   0x0000007e   Code   RO          148    .text               lib_rit.o
    0x000060ae   0x000060ae   0x00000002   PAD
    0x000060b0   0x000060b0   0x000000fa   Code   RO          156    .text               lib_joystick.o
    0x000061aa   0x000061aa   0x00000002   PAD
    0x000061ac   0x000061ac   0x000002d2   Code   RO          164    .text               funct_joystick.o
    0x0000647e   0x0000647e   0x00000002   PAD
    0x00006480   0x00006480   0x0000005a   Code   RO          174    .text               lib_adc.o
    0x000064da   0x000064da   0x00000002   PAD
    0x000064dc   0x000064dc   0x00000032   Code   RO          181    .text               irq_adc.o
    0x0000650e   0x0000650e   0x00000002   PAD
    0x00006510   0x00006510   0x00000318   Code   RO          190    .text               game.o
    0x00006828   0x00006828   0x000000f0   Code   RO          198    .text               music.o
    0x00006918   0x00006918   0x0000002c   Code   RO          209    .text               c_w.l(sprintf.o)
    0x00006944   0x00006944   0x0000002c   Code   RO          211    .text               c_w.l(__2sprintf.o)
    0x00006970   0x00006970   0x00000078   Code   RO          217    .text               c_w.l(_printf_dec.o)
    0x000069e8   0x000069e8   0x00000188   Code   RO          236    .text               c_w.l(__printf_flags_ss_wp.o)
    0x00006b70   0x00006b70   0x0000003c   Code   RO          242    .text               c_w.l(rand.o)
    0x00006bac   0x00006bac   0x0000008a   Code   RO          246    .text               c_w.l(rt_memcpy_v6.o)
    0x00006c36   0x00006c36   0x00000044   Code   RO          248    .text               c_w.l(rt_memclr.o)
    0x00006c7a   0x00006c7a   0x0000004e   Code   RO          250    .text               c_w.l(rt_memclr_w.o)
    0x00006cc8   0x00006cc8   0x0000004e   Code   RO          281    .text               c_w.l(_printf_pad.o)
    0x00006d16   0x00006d16   0x00000024   Code   RO          283    .text               c_w.l(_printf_truncate.o)
    0x00006d3a   0x00006d3a   0x00000052   Code   RO          285    .text               c_w.l(_printf_str.o)
    0x00006d8c   0x00006d8c   0x000000b2   Code   RO          287    .text               c_w.l(_printf_intcommon.o)
    0x00006e3e   0x00006e3e   0x00000028   Code   RO          289    .text               c_w.l(_printf_charcount.o)
    0x00006e66   0x00006e66   0x00000002   PAD
    0x00006e68   0x00006e68   0x00000030   Code   RO          291    .text               c_w.l(_printf_char_common.o)
    0x00006e98   0x00006e98   0x000000bc   Code   RO          295    .text               c_w.l(_printf_wctomb.o)
    0x00006f54   0x00006f54   0x0000007c   Code   RO          298    .text               c_w.l(_printf_longlong_dec.o)
    0x00006fd0   0x00006fd0   0x00000070   Code   RO          304    .text               c_w.l(_printf_oct_int_ll.o)
    0x00007040   0x00007040   0x00000094   Code   RO          324    .text               c_w.l(_printf_hex_int_ll_ptr.o)
    0x000070d4   0x000070d4   0x00000064   Code   RO          349    .text               c_w.l(rt_memcpy_w.o)
    0x00007138   0x00007138   0x0000008a   Code   RO          432    .text               c_w.l(lludiv10.o)
    0x000071c2   0x000071c2   0x0000041c   Code   RO          434    .text               c_w.l(_printf_fp_dec.o)
    0x000075de   0x000075de   0x00000002   PAD
    0x000075e0   0x000075e0   0x000002fc   Code   RO          438    .text               c_w.l(_printf_fp_hex.o)
    0x000078dc   0x000078dc   0x0000002c   Code   RO          443    .text               c_w.l(_printf_char.o)
    0x00007908   0x00007908   0x0000002c   Code   RO          445    .text               c_w.l(_printf_wchar.o)
    0x00007934   0x00007934   0x00000048   Code   RO          447    .text               c_w.l(_c16rtomb.o)
    0x0000797c   0x0000797c   0x0000004a   Code   RO          455    .text               c_w.l(sys_stackheap_outer.o)
    0x000079c6   0x000079c6   0x00000002   PAD
    0x000079c8   0x000079c8   0x00000080   Code   RO          464    .text               c_w.l(_printf_fp_infnan.o)
    0x00007a48   0x00007a48   0x000000e4   Code   RO          466    .text               c_w.l(bigflt0.o)
    0x00007b2c   0x00007b2c   0x00000012   Code   RO          496    .text               c_w.l(exit.o)
    0x00007b3e   0x00007b3e   0x00000002   PAD
    0x00007b40   0x00007b40   0x00000008   Code   RO          516    .text               c_w.l(libspace.o)
    0x00007b48   0x00007b48   0x00000080   Code   RO          532    .text               c_w.l(strcmpv7m.o)
    0x00007bc8   0x00007bc8   0x00000002   Code   RO          534    .text               c_w.l(use_no_semi.o)
    0x00007bca   0x00007bca   0x00000000   Code   RO          536    .text               c_w.l(indicate_semi.o)
    0x00007bca   0x00007bca   0x00000002   PAD
    0x00007bcc   0x00007bcc   0x0000000c   Code   RO          552    .text               c_w.l(sys_exit.o)
    0x00007bd8   0x00007bd8   0x0000003e   Code   RO          469    CL$$btod_d2e        c_w.l(btod.o)
    0x00007c16   0x00007c16   0x00000046   Code   RO          471    CL$$btod_d2e_denorm_low  c_w.l(btod.o)
    0x00007c5c   0x00007c5c   0x00000060   Code   RO          470    CL$$btod_d2e_norm_op1  c_w.l(btod.o)
    0x00007cbc   0x00007cbc   0x00000338   Code   RO          479    CL$$btod_div_common  c_w.l(btod.o)
    0x00007ff4   0x00007ff4   0x000000dc   Code   RO          476    CL$$btod_e2e        c_w.l(btod.o)
    0x000080d0   0x000080d0   0x0000002a   Code   RO          473    CL$$btod_ediv       c_w.l(btod.o)
    0x000080fa   0x000080fa   0x0000002a   Code   RO          472    CL$$btod_emul       c_w.l(btod.o)
    0x00008124   0x00008124   0x00000244   Code   RO          478    CL$$btod_mult_common  c_w.l(btod.o)
    0x00008368   0x00008368   0x00000028   Code   RO          510    i.__ARM_fpclassify  m_ws.l(fpclassify.o)
    0x00008390   0x00008390   0x0000000e   Code   RO          229    i._is_digit         c_w.l(__printf_wp.o)
    0x0000839e   0x0000839e   0x00000002   PAD
    0x000083a0   0x000083a0   0x0000002c   Code   RO          494    locale$$code        c_w.l(lc_numeric_c.o)
    0x000083cc   0x000083cc   0x0000002c   Code   RO          526    locale$$code        c_w.l(lc_ctype_c.o)
    0x000083f8   0x000083f8   0x00000004   Code   RO          408    x$fpl$printf1       fz_ws.l(printf1.o)
    0x000083fc   0x000083fc   0x00000004   Code   RO          410    x$fpl$printf2       fz_ws.l(printf2.o)
    0x00008400   0x00008400   0x00000000   Code   RO          416    x$fpl$usenofp       fz_ws.l(usenofp.o)
    0x00008400   0x00008400   0x00000011   Data   RO          237    .constdata          c_w.l(__printf_flags_ss_wp.o)
    0x00008411   0x00008411   0x00000003   PAD
    0x00008414   0x00008414   0x00000008   Data   RO          296    .constdata          c_w.l(_printf_wctomb.o)
    0x0000841c   0x0000841c   0x00000028   Data   RO          325    .constdata          c_w.l(_printf_hex_int_ll_ptr.o)
    0x00008444   0x00008444   0x00000026   Data   RO          439    .constdata          c_w.l(_printf_fp_hex.o)
    0x0000846a   0x0000846a   0x00000002   PAD
    0x0000846c   0x0000846c   0x00000094   Data   RO          467    .constdata          c_w.l(bigflt0.o)
    0x00008500   0x00008500   0x000005f0   Data   RO           77    .rodata.AsciiLib    asciilib.o
    0x00008af0   0x00008af0   0x00000003   Data   RO           39    .rodata.str1.1      sample.o
    0x00008af3   0x00008af3   0x00000053   Data   RO           88    .rodata.str1.1      glcd.o
    0x00008b46   0x00008b46   0x0000000e   Data   RO           38    .rodata.temtronomColor  sample.o
    0x00008b54   0x00008b54   0x000000e0   Data   RO           37    .rodata.tetronomis  sample.o
    0x00008c34   0x00008c34   0x00000040   Data   RO          602    Region$$Table       anon$$obj.o
    0x00008c74   0x00008c74   0x0000001c   Data   RO          493    locale$$data        c_w.l(lc_numeric_c.o)
    0x00008c90   0x00008c90   0x00000110   Data   RO          525    locale$$data        c_w.l(lc_ctype_c.o)


    Execution Region RW_IRAM1 (Exec base: 0x10000000, Load base: 0x00008da0, Size: 0x00000528, Max: 0x00008000, ABSOLUTE)

    Exec Addr    Load Addr    Size         Type   Attr      Idx    E Section Name        Object

    0x10000000   0x00008da0   0x00000002   Data   RW          183    .data.AD_last       irq_adc.o
    0x10000002   0x00008da2   0x00000002   PAD
    0x10000004   0x00008da4   0x00000004   Data   RW           36    .data.COLUMNS       sample.o
    0x10000008   0x00008da8   0x0000005a   Data   RW           60    .data.SinTable      irq_timer.o
    0x10000062   0x00008e02   0x00000002   PAD
    0x10000064   0x00008e04   0x00000004   Data   RW           52    .data.SystemFrequency  system_lpc17xx.o
    0x10000068   0x00008e08   0x00000001   Data   RW          158    .data.joystick_enabled  lib_joystick.o
    0x10000069   0x00008e09   0x00000007   PAD
    0x10000070        -       0x00000060   Zero   RW          517    .bss                c_w.l(libspace.o)
    0x100000d0        -       0x00000002   Zero   RW          184    .bss.AD_current     irq_adc.o
    0x100000d2   0x00008e09   0x00000002   PAD
    0x100000d4        -       0x00000004   Zero   RW          141    .bss.RIT_IRQHandler.ticks  irq_rit.o
    0x100000d8        -       0x00000004   Zero   RW           15    .bss.Score          sample.o
    0x100000dc        -       0x00000004   Zero   RW           17    .bss.clearedline    sample.o
    0x100000e0        -       0x00000004   Zero   RW           21    .bss.current_y      sample.o
    0x100000e4        -       0x00000004   Zero   RW          137    .bss.down_counter   irq_rit.o
    0x100000e8        -       0x00000004   Zero   RW           19    .bss.gamestarted    sample.o
    0x100000ec        -       0x00000004   Zero   RW           86    .bss.key1_debounce  glcd.o
    0x100000f0        -       0x00000004   Zero   RW           29    .bss.malus_counter  sample.o
    0x100000f4        -       0x00000001   Zero   RW           26    .bss.press_left     sample.o
    0x100000f5   0x00008e09   0x00000003   PAD
    0x100000f8        -       0x00000004   Zero   RW          139    .bss.right_counter  irq_rit.o
    0x100000fc        -       0x00000001   Zero   RW           31    .bss.slowdown_active  sample.o
    0x100000fd   0x00008e09   0x00000001   PAD
    0x100000fe        -       0x00000020   Zero   RW           89    .bss.temp_tetronomis  glcd.o
    0x1000011e   0x00008e09   0x00000002   PAD
    0x10000120        -       0x00000004   Zero   RW           23    .bss.update_score   sample.o
    0x10000124   0x00008e09   0x00000004   PAD
    0x10000128        -       0x00000400   Zero   RW            1    STACK               startup_lpc17xx.o


    Execution Region RW_IRAM2 (Exec base: 0x2007c000, Load base: 0x00008e10, Size: 0x00000518, Max: 0x00008000, ABSOLUTE, COMPRESSED[0x00000048])

    Exec Addr    Load Addr    Size         Type   Attr      Idx    E Section Name        Object

    0x2007c000   COMPRESSED   0x00000004   Data   RW           35    .data.ROWS          sample.o
    0x2007c004   COMPRESSED   0x00000004   Data   RW           20    .data.current_x     sample.o
    0x2007c008   COMPRESSED   0x00000180   Data   RW          134    .data.song          irq_rit.o
    0x2007c188        -       0x000000e4   Zero   RW          243    .bss                c_w.l(rand.o)
    0x2007c26c        -       0x00000001   Zero   RW           87    .bss.LCD_Code       glcd.o
    0x2007c26d   COMPRESSED   0x00000003   PAD
    0x2007c270        -       0x00000004   Zero   RW          140    .bss.RIT_IRQHandler.currentNote  irq_rit.o
    0x2007c274        -       0x00000004   Zero   RW           61    .bss.TIMER0_IRQHandler.sineticks  irq_timer.o
    0x2007c278        -       0x00000004   Zero   RW          200    .bss.bg_active      music.o
    0x2007c27c        -       0x00000020   Zero   RW          166    .bss.current_tetronomis  funct_joystick.o
    0x2007c29c        -       0x00000001   Zero   RW           24    .bss.down_pressed   sample.o
    0x2007c29d   COMPRESSED   0x00000003   PAD
    0x2007c2a0        -       0x00000004   Zero   RW           16    .bss.highest_Score  sample.o
    0x2007c2a4        -       0x00000004   Zero   RW           18    .bss.isPaused       sample.o
    0x2007c2a8        -       0x00000004   Zero   RW          138    .bss.left_counter   irq_rit.o
    0x2007c2ac        -       0x00000004   Zero   RW           22    .bss.new_shape      sample.o
    0x2007c2b0        -       0x00000190   Zero   RW           43    .bss.placed_color   sample.o
    0x2007c440        -       0x000000c8   Zero   RW           41    .bss.placed_powerup  sample.o
    0x2007c508        -       0x00000004   Zero   RW           28    .bss.powerup_counter  sample.o
    0x2007c50c        -       0x00000001   Zero   RW           25    .bss.press_right    sample.o
    0x2007c50d        -       0x00000001   Zero   RW           27    .bss.press_up       sample.o
    0x2007c50e   COMPRESSED   0x00000002   PAD
    0x2007c510        -       0x00000004   Zero   RW           40    .bss.random_indx    sample.o
    0x2007c514        -       0x00000004   Zero   RW          136    .bss.slowdown_ticks  irq_rit.o
    0x2007c518        -       0x00000000   Zero   RW            2    HEAP                startup_lpc17xx.o


==============================================================================

Image component sizes


      Code (inc. data)   RO Data    RW Data    ZI Data      Debug   Object Name

        42          0       1520          0          0        709   asciilib.o
       722          0          0          0         32       2808   funct_joystick.o
       792         28          0          0          0       2656   game.o
     22058          0         83          0         37      29610   glcd.o
        50          0          0          2          2       1138   irq_adc.o
       308         44          0          0          0       2256   irq_button.o
       428          0          0        384         24       4333   irq_rit.o
        92          0          0         90          4       1576   irq_timer.o
        90          0          0          0          0       4191   lib_adc.o
       120          0          0          0          0       5587   lib_button.o
       250          0          0          1          0       3085   lib_joystick.o
       126          0          0          0          0       4162   lib_rit.o
       172          0          0          0          0       3329   lib_timer.o
       240          0          0          0          4       5239   music.o
       276         28        241         12        649       4342   sample.o
        56         22        204          0       1024       1092   startup_lpc17xx.o
       304         20          0          4          0       1934   system_lpc17xx.o

    ----------------------------------------------------------------------
     26140        142       2112        500       1800      78047   Object Totals
         0          0         64          0          0          0   (incl. Generated)
        14          0          0          7         24          0   (incl. Padding)

    ----------------------------------------------------------------------

      Code (inc. data)   RO Data    RW Data    ZI Data      Debug   Library Member Name

        44          6          0          0          0         84   __2sprintf.o
        90          0          0          0          0          0   __dczerorl2.o
         8          0          0          0          0         68   __main.o
       392          4         17          0          0         92   __printf_flags_ss_wp.o
        14          0          0          0          0         68   __printf_wp.o
         0          0          0          0          0          0   __rtentry.o
        12          0          0          0          0          0   __rtentry2.o
         6          0          0          0          0          0   __rtentry4.o
        94          8          0          0          0          0   __scatter.o
        26          0          0          0          0          0   __scatter_copy.o
        28          0          0          0          0          0   __scatter_zi.o
        72          0          0          0          0         96   _c16rtomb.o
         6          0          0          0          0          0   _printf_a.o
         6          0          0          0          0          0   _printf_c.o
        44          0          0          0          0        108   _printf_char.o
        48          6          0          0          0         96   _printf_char_common.o
        40          0          0          0          0         68   _printf_charcount.o
         6          0          0          0          0          0   _printf_d.o
       120         16          0          0          0         92   _printf_dec.o
         6          0          0          0          0          0   _printf_e.o
         6          0          0          0          0          0   _printf_f.o
      1052          0          0          0          0        148   _printf_fp_dec.o
       764          8         38          0          0        100   _printf_fp_hex.o
       128         16          0          0          0         84   _printf_fp_infnan.o
         6          0          0          0          0          0   _printf_g.o
       148          4         40          0          0        160   _printf_hex_int_ll_ptr.o
         6          0          0          0          0          0   _printf_i.o
       178          0          0          0          0         88   _printf_intcommon.o
        10          0          0          0          0          0   _printf_l.o
         6          0          0          0          0          0   _printf_lc.o
        10          0          0          0          0          0   _printf_ll.o
         6          0          0          0          0          0   _printf_lld.o
         6          0          0          0          0          0   _printf_lli.o
         6          0          0          0          0          0   _printf_llo.o
         6          0          0          0          0          0   _printf_llu.o
         6          0          0          0          0          0   _printf_llx.o
       124         16          0          0          0         92   _printf_longlong_dec.o
         6          0          0          0          0          0   _printf_ls.o
         6          0          0          0          0          0   _printf_n.o
         6          0          0          0          0          0   _printf_o.o
       112          8          0          0          0        124   _printf_oct_int_ll.o
         6          0          0          0          0          0   _printf_p.o
        78          0          0          0          0        108   _printf_pad.o
         0          0          0          0          0          0   _printf_percent.o
         4          0          0          0          0          0   _printf_percent_end.o
         6          0          0          0          0          0   _printf_s.o
        82          0          0          0          0         80   _printf_str.o
        36          0          0          0          0         84   _printf_truncate.o
         6          0          0          0          0          0   _printf_u.o
        44          0          0          0          0        108   _printf_wchar.o
       188          6          8          0          0         92   _printf_wctomb.o
         6          0          0          0          0          0   _printf_x.o
        10          0          0          0          0         68   _sputc.o
       228          4        148          0          0         96   bigflt0.o
      1936        128          0          0          0        668   btod.o
        18          0          0          0          0         80   exit.o
         6          0          0          0          0        152   heapauxi.o
         0          0          0          0          0          0   indicate_semi.o
        44         10        272          0          0         76   lc_ctype_c.o
        44         10         28          0          0         76   lc_numeric_c.o
         2          0          0          0          0          0   libinit.o
        34          0          0          0          0          0   libinit2.o
         2          0          0          0          0          0   libshutdown.o
         2          0          0          0          0          0   libshutdown2.o
         8          4          0          0         96         68   libspace.o
       138          0          0          0          0         80   lludiv10.o
       112         18          0          0        228        160   rand.o
        16          4          0          0          0         76   rt_ctype_table.o
         8          4          0          0          0         68   rt_locale_intlibspace.o
        68          0          0          0          0         68   rt_memclr.o
        78          0          0          0          0         80   rt_memclr_w.o
       138          0          0          0          0         68   rt_memcpy_v6.o
       100          0          0          0          0         80   rt_memcpy_w.o
         2          0          0          0          0          0   rtexit.o
        10          0          0          0          0          0   rtexit2.o
        44          6          0          0          0         84   sprintf.o
       128          0          0          0          0         68   strcmpv7m.o
        12          4          0          0          0         68   sys_exit.o
        74          0          0          0          0         80   sys_stackheap_outer.o
         2          0          0          0          0         68   use_no_semi.o
         4          0          0          0          0         68   printf1.o
         4          0          0          0          0         68   printf2.o
         0          0          0          0          0          0   usenofp.o
        40          0          0          0          0         68   fpclassify.o

    ----------------------------------------------------------------------
      7448        290        556          0        324       4576   Library Totals
        20          0          5          0          0          0   (incl. Padding)

    ----------------------------------------------------------------------

      Code (inc. data)   RO Data    RW Data    ZI Data      Debug   Library Name

      7380        290        551          0        324       4372   c_w.l
         8          0          0          0          0        136   fz_ws.l
        40          0          0          0          0         68   m_ws.l

    ----------------------------------------------------------------------
      7448        290        556          0        324       4576   Library Totals

    ----------------------------------------------------------------------

==============================================================================


      Code (inc. data)   RO Data    RW Data    ZI Data      Debug   

     33588        432       2668        500       2124      79959   Grand Totals
     33588        432       2668        180       2124      79959   ELF Image Totals (compressed)
     33588        432       2668        180          0          0   ROM Totals

==============================================================================

    Total RO  Size (Code + RO Data)                36256 (  35.41kB)
    Total RW  Size (RW Data + ZI Data)              2624 (   2.56kB)
    Total ROM Size (Code + RO Data + RW Data)      36436 (  35.58kB)

==============================================================================

